Archive member included to satisfy reference by file (symbol)

c:/program files (x86)/atmel/studio/7.0/toolchain/avr8/avr8-gnu-toolchain/bin/../lib/gcc/avr/5.4.0/../../../../avr/lib/avr5\libm.a(addsf3.o)
                              main.o (__subsf3)
c:/program files (x86)/atmel/studio/7.0/toolchain/avr8/avr8-gnu-toolchain/bin/../lib/gcc/avr/5.4.0/../../../../avr/lib/avr5\libm.a(addsf3x.o)
                              c:/program files (x86)/atmel/studio/7.0/toolchain/avr8/avr8-gnu-toolchain/bin/../lib/gcc/avr/5.4.0/../../../../avr/lib/avr5\libm.a(addsf3.o) (__addsf3x)
c:/program files (x86)/atmel/studio/7.0/toolchain/avr8/avr8-gnu-toolchain/bin/../lib/gcc/avr/5.4.0/../../../../avr/lib/avr5\libm.a(cmpsf2.o)
                              main.o (__ltsf2)
c:/program files (x86)/atmel/studio/7.0/toolchain/avr8/avr8-gnu-toolchain/bin/../lib/gcc/avr/5.4.0/../../../../avr/lib/avr5\libm.a(divsf3.o)
                              main.o (__divsf3)
c:/program files (x86)/atmel/studio/7.0/toolchain/avr8/avr8-gnu-toolchain/bin/../lib/gcc/avr/5.4.0/../../../../avr/lib/avr5\libm.a(divsf3x.o)
                              c:/program files (x86)/atmel/studio/7.0/toolchain/avr8/avr8-gnu-toolchain/bin/../lib/gcc/avr/5.4.0/../../../../avr/lib/avr5\libm.a(divsf3.o) (__divsf3x)
c:/program files (x86)/atmel/studio/7.0/toolchain/avr8/avr8-gnu-toolchain/bin/../lib/gcc/avr/5.4.0/../../../../avr/lib/avr5\libm.a(fixsfsi.o)
                              main.o (__fixsfsi)
c:/program files (x86)/atmel/studio/7.0/toolchain/avr8/avr8-gnu-toolchain/bin/../lib/gcc/avr/5.4.0/../../../../avr/lib/avr5\libm.a(fixunssfsi.o)
                              c:/program files (x86)/atmel/studio/7.0/toolchain/avr8/avr8-gnu-toolchain/bin/../lib/gcc/avr/5.4.0/../../../../avr/lib/avr5\libm.a(fixsfsi.o) (__fixunssfsi)
c:/program files (x86)/atmel/studio/7.0/toolchain/avr8/avr8-gnu-toolchain/bin/../lib/gcc/avr/5.4.0/../../../../avr/lib/avr5\libm.a(floatsisf.o)
                              main.o (__floatsisf)
c:/program files (x86)/atmel/studio/7.0/toolchain/avr8/avr8-gnu-toolchain/bin/../lib/gcc/avr/5.4.0/../../../../avr/lib/avr5\libm.a(fp_cmp.o)
                              c:/program files (x86)/atmel/studio/7.0/toolchain/avr8/avr8-gnu-toolchain/bin/../lib/gcc/avr/5.4.0/../../../../avr/lib/avr5\libm.a(cmpsf2.o) (__fp_cmp)
c:/program files (x86)/atmel/studio/7.0/toolchain/avr8/avr8-gnu-toolchain/bin/../lib/gcc/avr/5.4.0/../../../../avr/lib/avr5\libm.a(fp_inf.o)
                              c:/program files (x86)/atmel/studio/7.0/toolchain/avr8/avr8-gnu-toolchain/bin/../lib/gcc/avr/5.4.0/../../../../avr/lib/avr5\libm.a(addsf3x.o) (__fp_inf)
c:/program files (x86)/atmel/studio/7.0/toolchain/avr8/avr8-gnu-toolchain/bin/../lib/gcc/avr/5.4.0/../../../../avr/lib/avr5\libm.a(fp_nan.o)
                              c:/program files (x86)/atmel/studio/7.0/toolchain/avr8/avr8-gnu-toolchain/bin/../lib/gcc/avr/5.4.0/../../../../avr/lib/avr5\libm.a(addsf3x.o) (__fp_nan)
c:/program files (x86)/atmel/studio/7.0/toolchain/avr8/avr8-gnu-toolchain/bin/../lib/gcc/avr/5.4.0/../../../../avr/lib/avr5\libm.a(fp_pscA.o)
                              c:/program files (x86)/atmel/studio/7.0/toolchain/avr8/avr8-gnu-toolchain/bin/../lib/gcc/avr/5.4.0/../../../../avr/lib/avr5\libm.a(addsf3x.o) (__fp_pscA)
c:/program files (x86)/atmel/studio/7.0/toolchain/avr8/avr8-gnu-toolchain/bin/../lib/gcc/avr/5.4.0/../../../../avr/lib/avr5\libm.a(fp_pscB.o)
                              c:/program files (x86)/atmel/studio/7.0/toolchain/avr8/avr8-gnu-toolchain/bin/../lib/gcc/avr/5.4.0/../../../../avr/lib/avr5\libm.a(addsf3x.o) (__fp_pscB)
c:/program files (x86)/atmel/studio/7.0/toolchain/avr8/avr8-gnu-toolchain/bin/../lib/gcc/avr/5.4.0/../../../../avr/lib/avr5\libm.a(fp_round.o)
                              c:/program files (x86)/atmel/studio/7.0/toolchain/avr8/avr8-gnu-toolchain/bin/../lib/gcc/avr/5.4.0/../../../../avr/lib/avr5\libm.a(addsf3.o) (__fp_round)
c:/program files (x86)/atmel/studio/7.0/toolchain/avr8/avr8-gnu-toolchain/bin/../lib/gcc/avr/5.4.0/../../../../avr/lib/avr5\libm.a(fp_split3.o)
                              c:/program files (x86)/atmel/studio/7.0/toolchain/avr8/avr8-gnu-toolchain/bin/../lib/gcc/avr/5.4.0/../../../../avr/lib/avr5\libm.a(addsf3x.o) (__fp_split3)
c:/program files (x86)/atmel/studio/7.0/toolchain/avr8/avr8-gnu-toolchain/bin/../lib/gcc/avr/5.4.0/../../../../avr/lib/avr5\libm.a(fp_zero.o)
                              c:/program files (x86)/atmel/studio/7.0/toolchain/avr8/avr8-gnu-toolchain/bin/../lib/gcc/avr/5.4.0/../../../../avr/lib/avr5\libm.a(addsf3x.o) (__fp_zero)
c:/program files (x86)/atmel/studio/7.0/toolchain/avr8/avr8-gnu-toolchain/bin/../lib/gcc/avr/5.4.0/../../../../avr/lib/avr5\libm.a(gesf2.o)
                              main.o (__gesf2)
c:/program files (x86)/atmel/studio/7.0/toolchain/avr8/avr8-gnu-toolchain/bin/../lib/gcc/avr/5.4.0/../../../../avr/lib/avr5\libm.a(mulsf3.o)
                              main.o (__mulsf3)
c:/program files (x86)/atmel/studio/7.0/toolchain/avr8/avr8-gnu-toolchain/bin/../lib/gcc/avr/5.4.0/../../../../avr/lib/avr5\libm.a(mulsf3x.o)
                              c:/program files (x86)/atmel/studio/7.0/toolchain/avr8/avr8-gnu-toolchain/bin/../lib/gcc/avr/5.4.0/../../../../avr/lib/avr5\libm.a(mulsf3.o) (__mulsf3x)
c:/program files (x86)/atmel/studio/7.0/toolchain/avr8/avr8-gnu-toolchain/bin/../lib/gcc/avr/5.4.0/../../../../avr/lib/avr5\libm.a(pow.o)
                              main.o (pow)
c:/program files (x86)/atmel/studio/7.0/toolchain/avr8/avr8-gnu-toolchain/bin/../lib/gcc/avr/5.4.0/../../../../avr/lib/avr5\libm.a(exp.o)
                              c:/program files (x86)/atmel/studio/7.0/toolchain/avr8/avr8-gnu-toolchain/bin/../lib/gcc/avr/5.4.0/../../../../avr/lib/avr5\libm.a(pow.o) (exp)
c:/program files (x86)/atmel/studio/7.0/toolchain/avr8/avr8-gnu-toolchain/bin/../lib/gcc/avr/5.4.0/../../../../avr/lib/avr5\libm.a(fp_powser.o)
                              c:/program files (x86)/atmel/studio/7.0/toolchain/avr8/avr8-gnu-toolchain/bin/../lib/gcc/avr/5.4.0/../../../../avr/lib/avr5\libm.a(exp.o) (__fp_powser)
c:/program files (x86)/atmel/studio/7.0/toolchain/avr8/avr8-gnu-toolchain/bin/../lib/gcc/avr/5.4.0/../../../../avr/lib/avr5\libm.a(inverse.o)
                              c:/program files (x86)/atmel/studio/7.0/toolchain/avr8/avr8-gnu-toolchain/bin/../lib/gcc/avr/5.4.0/../../../../avr/lib/avr5\libm.a(exp.o) (inverse)
c:/program files (x86)/atmel/studio/7.0/toolchain/avr8/avr8-gnu-toolchain/bin/../lib/gcc/avr/5.4.0/../../../../avr/lib/avr5\libm.a(ldexp.o)
                              c:/program files (x86)/atmel/studio/7.0/toolchain/avr8/avr8-gnu-toolchain/bin/../lib/gcc/avr/5.4.0/../../../../avr/lib/avr5\libm.a(exp.o) (ldexp)
c:/program files (x86)/atmel/studio/7.0/toolchain/avr8/avr8-gnu-toolchain/bin/../lib/gcc/avr/5.4.0/../../../../avr/lib/avr5\libm.a(log.o)
                              c:/program files (x86)/atmel/studio/7.0/toolchain/avr8/avr8-gnu-toolchain/bin/../lib/gcc/avr/5.4.0/../../../../avr/lib/avr5\libm.a(pow.o) (log)
c:/program files (x86)/atmel/studio/7.0/toolchain/avr8/avr8-gnu-toolchain/bin/../lib/gcc/avr/5.4.0/../../../../avr/lib/avr5\libm.a(modf.o)
                              c:/program files (x86)/atmel/studio/7.0/toolchain/avr8/avr8-gnu-toolchain/bin/../lib/gcc/avr/5.4.0/../../../../avr/lib/avr5\libm.a(exp.o) (modf)
c:/program files (x86)/atmel/studio/7.0/toolchain/avr8/avr8-gnu-toolchain/bin/../lib/gcc/avr/5.4.0/../../../../avr/lib/avr5\libm.a(fp_mpack.o)
                              c:/program files (x86)/atmel/studio/7.0/toolchain/avr8/avr8-gnu-toolchain/bin/../lib/gcc/avr/5.4.0/../../../../avr/lib/avr5\libm.a(ldexp.o) (__fp_mpack)
C:\Users\Lucas\Documents\TCs\AtmegaMidiTest\ArduinoSketch1\ArduinoSketch1\ArduinoCore\Debug\libArduinoCore.a(HardwareSerial.o)
                              main.o (_ZN14HardwareSerial5beginEmh)
C:\Users\Lucas\Documents\TCs\AtmegaMidiTest\ArduinoSketch1\ArduinoSketch1\ArduinoCore\Debug\libArduinoCore.a(HardwareSerial0.o)
                              main.o (Serial)
C:\Users\Lucas\Documents\TCs\AtmegaMidiTest\ArduinoSketch1\ArduinoSketch1\ArduinoCore\Debug\libArduinoCore.a(Print.o)
                              C:\Users\Lucas\Documents\TCs\AtmegaMidiTest\ArduinoSketch1\ArduinoSketch1\ArduinoCore\Debug\libArduinoCore.a(HardwareSerial.o) (_ZN5Print5writeEPKhj)
C:\Users\Lucas\Documents\TCs\AtmegaMidiTest\ArduinoSketch1\ArduinoSketch1\ArduinoCore\Debug\libArduinoCore.a(abi.o)
                              C:\Users\Lucas\Documents\TCs\AtmegaMidiTest\ArduinoSketch1\ArduinoSketch1\ArduinoCore\Debug\libArduinoCore.a(Print.o) (__cxa_pure_virtual)
c:/program files (x86)/atmel/studio/7.0/toolchain/avr8/avr8-gnu-toolchain/bin/../lib/gcc/avr/5.4.0/../../../../avr/lib/avr5\libm.a(unordsf2.o)
                              C:\Users\Lucas\Documents\TCs\AtmegaMidiTest\ArduinoSketch1\ArduinoSketch1\ArduinoCore\Debug\libArduinoCore.a(Print.o) (__unordsf2)
c:/program files (x86)/atmel/studio/7.0/toolchain/avr8/avr8-gnu-toolchain/bin/../lib/gcc/avr/5.4.0/avr5\libgcc.a(_udivmodhi4.o)
                              main.o (__udivmodhi4)
c:/program files (x86)/atmel/studio/7.0/toolchain/avr8/avr8-gnu-toolchain/bin/../lib/gcc/avr/5.4.0/avr5\libgcc.a(_udivmodsi4.o)
                              C:\Users\Lucas\Documents\TCs\AtmegaMidiTest\ArduinoSketch1\ArduinoSketch1\ArduinoCore\Debug\libArduinoCore.a(HardwareSerial.o) (__udivmodsi4)
c:/program files (x86)/atmel/studio/7.0/toolchain/avr8/avr8-gnu-toolchain/bin/../lib/gcc/avr/5.4.0/avr5\libgcc.a(_divmodsi4.o)
                              main.o (__divmodsi4)
c:/program files (x86)/atmel/studio/7.0/toolchain/avr8/avr8-gnu-toolchain/bin/../lib/gcc/avr/5.4.0/avr5\libgcc.a(_negsi2.o)
                              c:/program files (x86)/atmel/studio/7.0/toolchain/avr8/avr8-gnu-toolchain/bin/../lib/gcc/avr/5.4.0/avr5\libgcc.a(_divmodsi4.o) (__negsi2)
c:/program files (x86)/atmel/studio/7.0/toolchain/avr8/avr8-gnu-toolchain/bin/../lib/gcc/avr/5.4.0/avr5\libgcc.a(_exit.o)
                              C:/Program Files (x86)/Atmel/Studio/7.0/Packs/atmel/ATmega_DFP/1.2.209/gcc/dev/atmega328p/avr5/crtatmega328p.o (exit)
c:/program files (x86)/atmel/studio/7.0/toolchain/avr8/avr8-gnu-toolchain/bin/../lib/gcc/avr/5.4.0/avr5\libgcc.a(_tablejump2.o)
                              main.o (__tablejump2__)
c:/program files (x86)/atmel/studio/7.0/toolchain/avr8/avr8-gnu-toolchain/bin/../lib/gcc/avr/5.4.0/avr5\libgcc.a(_copy_data.o)
                              main.o (__do_copy_data)
c:/program files (x86)/atmel/studio/7.0/toolchain/avr8/avr8-gnu-toolchain/bin/../lib/gcc/avr/5.4.0/avr5\libgcc.a(_clear_bss.o)
                              main.o (__do_clear_bss)
c:/program files (x86)/atmel/studio/7.0/toolchain/avr8/avr8-gnu-toolchain/bin/../lib/gcc/avr/5.4.0/avr5\libgcc.a(_ctors.o)
                              main.o (__do_global_ctors)
c:/program files (x86)/atmel/studio/7.0/toolchain/avr8/avr8-gnu-toolchain/bin/../lib/gcc/avr/5.4.0/../../../../avr/lib/avr5\libc.a(abort.o)
                              C:\Users\Lucas\Documents\TCs\AtmegaMidiTest\ArduinoSketch1\ArduinoSketch1\ArduinoCore\Debug\libArduinoCore.a(abi.o) (abort)

Discarded input sections

 .data          0x00000000        0x0 C:/Program Files (x86)/Atmel/Studio/7.0/Packs/atmel/ATmega_DFP/1.2.209/gcc/dev/atmega328p/avr5/crtatmega328p.o
 .bss           0x00000000        0x0 C:/Program Files (x86)/Atmel/Studio/7.0/Packs/atmel/ATmega_DFP/1.2.209/gcc/dev/atmega328p/avr5/crtatmega328p.o
 .group         0x00000000        0x8 main.o
 .group         0x00000000        0x8 main.o
 .group         0x00000000        0x8 main.o
 .group         0x00000000        0x8 main.o
 .group         0x00000000        0x8 main.o
 .group         0x00000000        0x8 main.o
 .group         0x00000000        0xc main.o
 .text          0x00000000        0x0 main.o
 .data          0x00000000        0x0 main.o
 .bss           0x00000000        0x0 main.o
 .text._Z17escreve_LCD_FlashPKc
                0x00000000       0x20 main.o
 .text          0x00000000        0x0 c:/program files (x86)/atmel/studio/7.0/toolchain/avr8/avr8-gnu-toolchain/bin/../lib/gcc/avr/5.4.0/../../../../avr/lib/avr5\libm.a(addsf3.o)
 .data          0x00000000        0x0 c:/program files (x86)/atmel/studio/7.0/toolchain/avr8/avr8-gnu-toolchain/bin/../lib/gcc/avr/5.4.0/../../../../avr/lib/avr5\libm.a(addsf3.o)
 .bss           0x00000000        0x0 c:/program files (x86)/atmel/studio/7.0/toolchain/avr8/avr8-gnu-toolchain/bin/../lib/gcc/avr/5.4.0/../../../../avr/lib/avr5\libm.a(addsf3.o)
 .text          0x00000000        0x0 c:/program files (x86)/atmel/studio/7.0/toolchain/avr8/avr8-gnu-toolchain/bin/../lib/gcc/avr/5.4.0/../../../../avr/lib/avr5\libm.a(addsf3x.o)
 .data          0x00000000        0x0 c:/program files (x86)/atmel/studio/7.0/toolchain/avr8/avr8-gnu-toolchain/bin/../lib/gcc/avr/5.4.0/../../../../avr/lib/avr5\libm.a(addsf3x.o)
 .bss           0x00000000        0x0 c:/program files (x86)/atmel/studio/7.0/toolchain/avr8/avr8-gnu-toolchain/bin/../lib/gcc/avr/5.4.0/../../../../avr/lib/avr5\libm.a(addsf3x.o)
 .text          0x00000000        0x0 c:/program files (x86)/atmel/studio/7.0/toolchain/avr8/avr8-gnu-toolchain/bin/../lib/gcc/avr/5.4.0/../../../../avr/lib/avr5\libm.a(cmpsf2.o)
 .data          0x00000000        0x0 c:/program files (x86)/atmel/studio/7.0/toolchain/avr8/avr8-gnu-toolchain/bin/../lib/gcc/avr/5.4.0/../../../../avr/lib/avr5\libm.a(cmpsf2.o)
 .bss           0x00000000        0x0 c:/program files (x86)/atmel/studio/7.0/toolchain/avr8/avr8-gnu-toolchain/bin/../lib/gcc/avr/5.4.0/../../../../avr/lib/avr5\libm.a(cmpsf2.o)
 .text          0x00000000        0x0 c:/program files (x86)/atmel/studio/7.0/toolchain/avr8/avr8-gnu-toolchain/bin/../lib/gcc/avr/5.4.0/../../../../avr/lib/avr5\libm.a(divsf3.o)
 .data          0x00000000        0x0 c:/program files (x86)/atmel/studio/7.0/toolchain/avr8/avr8-gnu-toolchain/bin/../lib/gcc/avr/5.4.0/../../../../avr/lib/avr5\libm.a(divsf3.o)
 .bss           0x00000000        0x0 c:/program files (x86)/atmel/studio/7.0/toolchain/avr8/avr8-gnu-toolchain/bin/../lib/gcc/avr/5.4.0/../../../../avr/lib/avr5\libm.a(divsf3.o)
 .text          0x00000000        0x0 c:/program files (x86)/atmel/studio/7.0/toolchain/avr8/avr8-gnu-toolchain/bin/../lib/gcc/avr/5.4.0/../../../../avr/lib/avr5\libm.a(divsf3x.o)
 .data          0x00000000        0x0 c:/program files (x86)/atmel/studio/7.0/toolchain/avr8/avr8-gnu-toolchain/bin/../lib/gcc/avr/5.4.0/../../../../avr/lib/avr5\libm.a(divsf3x.o)
 .bss           0x00000000        0x0 c:/program files (x86)/atmel/studio/7.0/toolchain/avr8/avr8-gnu-toolchain/bin/../lib/gcc/avr/5.4.0/../../../../avr/lib/avr5\libm.a(divsf3x.o)
 .text          0x00000000        0x0 c:/program files (x86)/atmel/studio/7.0/toolchain/avr8/avr8-gnu-toolchain/bin/../lib/gcc/avr/5.4.0/../../../../avr/lib/avr5\libm.a(fixsfsi.o)
 .data          0x00000000        0x0 c:/program files (x86)/atmel/studio/7.0/toolchain/avr8/avr8-gnu-toolchain/bin/../lib/gcc/avr/5.4.0/../../../../avr/lib/avr5\libm.a(fixsfsi.o)
 .bss           0x00000000        0x0 c:/program files (x86)/atmel/studio/7.0/toolchain/avr8/avr8-gnu-toolchain/bin/../lib/gcc/avr/5.4.0/../../../../avr/lib/avr5\libm.a(fixsfsi.o)
 .text          0x00000000        0x0 c:/program files (x86)/atmel/studio/7.0/toolchain/avr8/avr8-gnu-toolchain/bin/../lib/gcc/avr/5.4.0/../../../../avr/lib/avr5\libm.a(fixunssfsi.o)
 .data          0x00000000        0x0 c:/program files (x86)/atmel/studio/7.0/toolchain/avr8/avr8-gnu-toolchain/bin/../lib/gcc/avr/5.4.0/../../../../avr/lib/avr5\libm.a(fixunssfsi.o)
 .bss           0x00000000        0x0 c:/program files (x86)/atmel/studio/7.0/toolchain/avr8/avr8-gnu-toolchain/bin/../lib/gcc/avr/5.4.0/../../../../avr/lib/avr5\libm.a(fixunssfsi.o)
 .text          0x00000000        0x0 c:/program files (x86)/atmel/studio/7.0/toolchain/avr8/avr8-gnu-toolchain/bin/../lib/gcc/avr/5.4.0/../../../../avr/lib/avr5\libm.a(floatsisf.o)
 .data          0x00000000        0x0 c:/program files (x86)/atmel/studio/7.0/toolchain/avr8/avr8-gnu-toolchain/bin/../lib/gcc/avr/5.4.0/../../../../avr/lib/avr5\libm.a(floatsisf.o)
 .bss           0x00000000        0x0 c:/program files (x86)/atmel/studio/7.0/toolchain/avr8/avr8-gnu-toolchain/bin/../lib/gcc/avr/5.4.0/../../../../avr/lib/avr5\libm.a(floatsisf.o)
 .text          0x00000000        0x0 c:/program files (x86)/atmel/studio/7.0/toolchain/avr8/avr8-gnu-toolchain/bin/../lib/gcc/avr/5.4.0/../../../../avr/lib/avr5\libm.a(fp_cmp.o)
 .data          0x00000000        0x0 c:/program files (x86)/atmel/studio/7.0/toolchain/avr8/avr8-gnu-toolchain/bin/../lib/gcc/avr/5.4.0/../../../../avr/lib/avr5\libm.a(fp_cmp.o)
 .bss           0x00000000        0x0 c:/program files (x86)/atmel/studio/7.0/toolchain/avr8/avr8-gnu-toolchain/bin/../lib/gcc/avr/5.4.0/../../../../avr/lib/avr5\libm.a(fp_cmp.o)
 .text          0x00000000        0x0 c:/program files (x86)/atmel/studio/7.0/toolchain/avr8/avr8-gnu-toolchain/bin/../lib/gcc/avr/5.4.0/../../../../avr/lib/avr5\libm.a(fp_inf.o)
 .data          0x00000000        0x0 c:/program files (x86)/atmel/studio/7.0/toolchain/avr8/avr8-gnu-toolchain/bin/../lib/gcc/avr/5.4.0/../../../../avr/lib/avr5\libm.a(fp_inf.o)
 .bss           0x00000000        0x0 c:/program files (x86)/atmel/studio/7.0/toolchain/avr8/avr8-gnu-toolchain/bin/../lib/gcc/avr/5.4.0/../../../../avr/lib/avr5\libm.a(fp_inf.o)
 .text          0x00000000        0x0 c:/program files (x86)/atmel/studio/7.0/toolchain/avr8/avr8-gnu-toolchain/bin/../lib/gcc/avr/5.4.0/../../../../avr/lib/avr5\libm.a(fp_nan.o)
 .data          0x00000000        0x0 c:/program files (x86)/atmel/studio/7.0/toolchain/avr8/avr8-gnu-toolchain/bin/../lib/gcc/avr/5.4.0/../../../../avr/lib/avr5\libm.a(fp_nan.o)
 .bss           0x00000000        0x0 c:/program files (x86)/atmel/studio/7.0/toolchain/avr8/avr8-gnu-toolchain/bin/../lib/gcc/avr/5.4.0/../../../../avr/lib/avr5\libm.a(fp_nan.o)
 .text          0x00000000        0x0 c:/program files (x86)/atmel/studio/7.0/toolchain/avr8/avr8-gnu-toolchain/bin/../lib/gcc/avr/5.4.0/../../../../avr/lib/avr5\libm.a(fp_pscA.o)
 .data          0x00000000        0x0 c:/program files (x86)/atmel/studio/7.0/toolchain/avr8/avr8-gnu-toolchain/bin/../lib/gcc/avr/5.4.0/../../../../avr/lib/avr5\libm.a(fp_pscA.o)
 .bss           0x00000000        0x0 c:/program files (x86)/atmel/studio/7.0/toolchain/avr8/avr8-gnu-toolchain/bin/../lib/gcc/avr/5.4.0/../../../../avr/lib/avr5\libm.a(fp_pscA.o)
 .text          0x00000000        0x0 c:/program files (x86)/atmel/studio/7.0/toolchain/avr8/avr8-gnu-toolchain/bin/../lib/gcc/avr/5.4.0/../../../../avr/lib/avr5\libm.a(fp_pscB.o)
 .data          0x00000000        0x0 c:/program files (x86)/atmel/studio/7.0/toolchain/avr8/avr8-gnu-toolchain/bin/../lib/gcc/avr/5.4.0/../../../../avr/lib/avr5\libm.a(fp_pscB.o)
 .bss           0x00000000        0x0 c:/program files (x86)/atmel/studio/7.0/toolchain/avr8/avr8-gnu-toolchain/bin/../lib/gcc/avr/5.4.0/../../../../avr/lib/avr5\libm.a(fp_pscB.o)
 .text          0x00000000        0x0 c:/program files (x86)/atmel/studio/7.0/toolchain/avr8/avr8-gnu-toolchain/bin/../lib/gcc/avr/5.4.0/../../../../avr/lib/avr5\libm.a(fp_round.o)
 .data          0x00000000        0x0 c:/program files (x86)/atmel/studio/7.0/toolchain/avr8/avr8-gnu-toolchain/bin/../lib/gcc/avr/5.4.0/../../../../avr/lib/avr5\libm.a(fp_round.o)
 .bss           0x00000000        0x0 c:/program files (x86)/atmel/studio/7.0/toolchain/avr8/avr8-gnu-toolchain/bin/../lib/gcc/avr/5.4.0/../../../../avr/lib/avr5\libm.a(fp_round.o)
 .text          0x00000000        0x0 c:/program files (x86)/atmel/studio/7.0/toolchain/avr8/avr8-gnu-toolchain/bin/../lib/gcc/avr/5.4.0/../../../../avr/lib/avr5\libm.a(fp_split3.o)
 .data          0x00000000        0x0 c:/program files (x86)/atmel/studio/7.0/toolchain/avr8/avr8-gnu-toolchain/bin/../lib/gcc/avr/5.4.0/../../../../avr/lib/avr5\libm.a(fp_split3.o)
 .bss           0x00000000        0x0 c:/program files (x86)/atmel/studio/7.0/toolchain/avr8/avr8-gnu-toolchain/bin/../lib/gcc/avr/5.4.0/../../../../avr/lib/avr5\libm.a(fp_split3.o)
 .text          0x00000000        0x0 c:/program files (x86)/atmel/studio/7.0/toolchain/avr8/avr8-gnu-toolchain/bin/../lib/gcc/avr/5.4.0/../../../../avr/lib/avr5\libm.a(fp_zero.o)
 .data          0x00000000        0x0 c:/program files (x86)/atmel/studio/7.0/toolchain/avr8/avr8-gnu-toolchain/bin/../lib/gcc/avr/5.4.0/../../../../avr/lib/avr5\libm.a(fp_zero.o)
 .bss           0x00000000        0x0 c:/program files (x86)/atmel/studio/7.0/toolchain/avr8/avr8-gnu-toolchain/bin/../lib/gcc/avr/5.4.0/../../../../avr/lib/avr5\libm.a(fp_zero.o)
 .text          0x00000000        0x0 c:/program files (x86)/atmel/studio/7.0/toolchain/avr8/avr8-gnu-toolchain/bin/../lib/gcc/avr/5.4.0/../../../../avr/lib/avr5\libm.a(gesf2.o)
 .data          0x00000000        0x0 c:/program files (x86)/atmel/studio/7.0/toolchain/avr8/avr8-gnu-toolchain/bin/../lib/gcc/avr/5.4.0/../../../../avr/lib/avr5\libm.a(gesf2.o)
 .bss           0x00000000        0x0 c:/program files (x86)/atmel/studio/7.0/toolchain/avr8/avr8-gnu-toolchain/bin/../lib/gcc/avr/5.4.0/../../../../avr/lib/avr5\libm.a(gesf2.o)
 .text          0x00000000        0x0 c:/program files (x86)/atmel/studio/7.0/toolchain/avr8/avr8-gnu-toolchain/bin/../lib/gcc/avr/5.4.0/../../../../avr/lib/avr5\libm.a(mulsf3.o)
 .data          0x00000000        0x0 c:/program files (x86)/atmel/studio/7.0/toolchain/avr8/avr8-gnu-toolchain/bin/../lib/gcc/avr/5.4.0/../../../../avr/lib/avr5\libm.a(mulsf3.o)
 .bss           0x00000000        0x0 c:/program files (x86)/atmel/studio/7.0/toolchain/avr8/avr8-gnu-toolchain/bin/../lib/gcc/avr/5.4.0/../../../../avr/lib/avr5\libm.a(mulsf3.o)
 .text          0x00000000        0x0 c:/program files (x86)/atmel/studio/7.0/toolchain/avr8/avr8-gnu-toolchain/bin/../lib/gcc/avr/5.4.0/../../../../avr/lib/avr5\libm.a(mulsf3x.o)
 .data          0x00000000        0x0 c:/program files (x86)/atmel/studio/7.0/toolchain/avr8/avr8-gnu-toolchain/bin/../lib/gcc/avr/5.4.0/../../../../avr/lib/avr5\libm.a(mulsf3x.o)
 .bss           0x00000000        0x0 c:/program files (x86)/atmel/studio/7.0/toolchain/avr8/avr8-gnu-toolchain/bin/../lib/gcc/avr/5.4.0/../../../../avr/lib/avr5\libm.a(mulsf3x.o)
 .text          0x00000000        0x0 c:/program files (x86)/atmel/studio/7.0/toolchain/avr8/avr8-gnu-toolchain/bin/../lib/gcc/avr/5.4.0/../../../../avr/lib/avr5\libm.a(pow.o)
 .data          0x00000000        0x0 c:/program files (x86)/atmel/studio/7.0/toolchain/avr8/avr8-gnu-toolchain/bin/../lib/gcc/avr/5.4.0/../../../../avr/lib/avr5\libm.a(pow.o)
 .bss           0x00000000        0x0 c:/program files (x86)/atmel/studio/7.0/toolchain/avr8/avr8-gnu-toolchain/bin/../lib/gcc/avr/5.4.0/../../../../avr/lib/avr5\libm.a(pow.o)
 .text          0x00000000        0x0 c:/program files (x86)/atmel/studio/7.0/toolchain/avr8/avr8-gnu-toolchain/bin/../lib/gcc/avr/5.4.0/../../../../avr/lib/avr5\libm.a(exp.o)
 .data          0x00000000        0x0 c:/program files (x86)/atmel/studio/7.0/toolchain/avr8/avr8-gnu-toolchain/bin/../lib/gcc/avr/5.4.0/../../../../avr/lib/avr5\libm.a(exp.o)
 .bss           0x00000000        0x0 c:/program files (x86)/atmel/studio/7.0/toolchain/avr8/avr8-gnu-toolchain/bin/../lib/gcc/avr/5.4.0/../../../../avr/lib/avr5\libm.a(exp.o)
 .text          0x00000000        0x0 c:/program files (x86)/atmel/studio/7.0/toolchain/avr8/avr8-gnu-toolchain/bin/../lib/gcc/avr/5.4.0/../../../../avr/lib/avr5\libm.a(fp_powser.o)
 .data          0x00000000        0x0 c:/program files (x86)/atmel/studio/7.0/toolchain/avr8/avr8-gnu-toolchain/bin/../lib/gcc/avr/5.4.0/../../../../avr/lib/avr5\libm.a(fp_powser.o)
 .bss           0x00000000        0x0 c:/program files (x86)/atmel/studio/7.0/toolchain/avr8/avr8-gnu-toolchain/bin/../lib/gcc/avr/5.4.0/../../../../avr/lib/avr5\libm.a(fp_powser.o)
 .text          0x00000000        0x0 c:/program files (x86)/atmel/studio/7.0/toolchain/avr8/avr8-gnu-toolchain/bin/../lib/gcc/avr/5.4.0/../../../../avr/lib/avr5\libm.a(inverse.o)
 .data          0x00000000        0x0 c:/program files (x86)/atmel/studio/7.0/toolchain/avr8/avr8-gnu-toolchain/bin/../lib/gcc/avr/5.4.0/../../../../avr/lib/avr5\libm.a(inverse.o)
 .bss           0x00000000        0x0 c:/program files (x86)/atmel/studio/7.0/toolchain/avr8/avr8-gnu-toolchain/bin/../lib/gcc/avr/5.4.0/../../../../avr/lib/avr5\libm.a(inverse.o)
 .text          0x00000000        0x0 c:/program files (x86)/atmel/studio/7.0/toolchain/avr8/avr8-gnu-toolchain/bin/../lib/gcc/avr/5.4.0/../../../../avr/lib/avr5\libm.a(ldexp.o)
 .data          0x00000000        0x0 c:/program files (x86)/atmel/studio/7.0/toolchain/avr8/avr8-gnu-toolchain/bin/../lib/gcc/avr/5.4.0/../../../../avr/lib/avr5\libm.a(ldexp.o)
 .bss           0x00000000        0x0 c:/program files (x86)/atmel/studio/7.0/toolchain/avr8/avr8-gnu-toolchain/bin/../lib/gcc/avr/5.4.0/../../../../avr/lib/avr5\libm.a(ldexp.o)
 .text          0x00000000        0x0 c:/program files (x86)/atmel/studio/7.0/toolchain/avr8/avr8-gnu-toolchain/bin/../lib/gcc/avr/5.4.0/../../../../avr/lib/avr5\libm.a(log.o)
 .data          0x00000000        0x0 c:/program files (x86)/atmel/studio/7.0/toolchain/avr8/avr8-gnu-toolchain/bin/../lib/gcc/avr/5.4.0/../../../../avr/lib/avr5\libm.a(log.o)
 .bss           0x00000000        0x0 c:/program files (x86)/atmel/studio/7.0/toolchain/avr8/avr8-gnu-toolchain/bin/../lib/gcc/avr/5.4.0/../../../../avr/lib/avr5\libm.a(log.o)
 .text          0x00000000        0x0 c:/program files (x86)/atmel/studio/7.0/toolchain/avr8/avr8-gnu-toolchain/bin/../lib/gcc/avr/5.4.0/../../../../avr/lib/avr5\libm.a(modf.o)
 .data          0x00000000        0x0 c:/program files (x86)/atmel/studio/7.0/toolchain/avr8/avr8-gnu-toolchain/bin/../lib/gcc/avr/5.4.0/../../../../avr/lib/avr5\libm.a(modf.o)
 .bss           0x00000000        0x0 c:/program files (x86)/atmel/studio/7.0/toolchain/avr8/avr8-gnu-toolchain/bin/../lib/gcc/avr/5.4.0/../../../../avr/lib/avr5\libm.a(modf.o)
 .text          0x00000000        0x0 c:/program files (x86)/atmel/studio/7.0/toolchain/avr8/avr8-gnu-toolchain/bin/../lib/gcc/avr/5.4.0/../../../../avr/lib/avr5\libm.a(fp_mpack.o)
 .data          0x00000000        0x0 c:/program files (x86)/atmel/studio/7.0/toolchain/avr8/avr8-gnu-toolchain/bin/../lib/gcc/avr/5.4.0/../../../../avr/lib/avr5\libm.a(fp_mpack.o)
 .bss           0x00000000        0x0 c:/program files (x86)/atmel/studio/7.0/toolchain/avr8/avr8-gnu-toolchain/bin/../lib/gcc/avr/5.4.0/../../../../avr/lib/avr5\libm.a(fp_mpack.o)
 .group         0x00000000        0x8 C:\Users\Lucas\Documents\TCs\AtmegaMidiTest\ArduinoSketch1\ArduinoSketch1\ArduinoCore\Debug\libArduinoCore.a(HardwareSerial.o)
 .text          0x00000000        0x0 C:\Users\Lucas\Documents\TCs\AtmegaMidiTest\ArduinoSketch1\ArduinoSketch1\ArduinoCore\Debug\libArduinoCore.a(HardwareSerial.o)
 .data          0x00000000        0x0 C:\Users\Lucas\Documents\TCs\AtmegaMidiTest\ArduinoSketch1\ArduinoSketch1\ArduinoCore\Debug\libArduinoCore.a(HardwareSerial.o)
 .bss           0x00000000        0x0 C:\Users\Lucas\Documents\TCs\AtmegaMidiTest\ArduinoSketch1\ArduinoSketch1\ArduinoCore\Debug\libArduinoCore.a(HardwareSerial.o)
 .text._Z14serialEventRunv
                0x00000000       0x1c C:\Users\Lucas\Documents\TCs\AtmegaMidiTest\ArduinoSketch1\ArduinoSketch1\ArduinoCore\Debug\libArduinoCore.a(HardwareSerial.o)
 .text._ZN14HardwareSerial3endEv
                0x00000000       0x44 C:\Users\Lucas\Documents\TCs\AtmegaMidiTest\ArduinoSketch1\ArduinoSketch1\ArduinoCore\Debug\libArduinoCore.a(HardwareSerial.o)
 .group         0x00000000        0x8 C:\Users\Lucas\Documents\TCs\AtmegaMidiTest\ArduinoSketch1\ArduinoSketch1\ArduinoCore\Debug\libArduinoCore.a(HardwareSerial0.o)
 .group         0x00000000        0x8 C:\Users\Lucas\Documents\TCs\AtmegaMidiTest\ArduinoSketch1\ArduinoSketch1\ArduinoCore\Debug\libArduinoCore.a(HardwareSerial0.o)
 .text          0x00000000        0x0 C:\Users\Lucas\Documents\TCs\AtmegaMidiTest\ArduinoSketch1\ArduinoSketch1\ArduinoCore\Debug\libArduinoCore.a(HardwareSerial0.o)
 .data          0x00000000        0x0 C:\Users\Lucas\Documents\TCs\AtmegaMidiTest\ArduinoSketch1\ArduinoSketch1\ArduinoCore\Debug\libArduinoCore.a(HardwareSerial0.o)
 .bss           0x00000000        0x0 C:\Users\Lucas\Documents\TCs\AtmegaMidiTest\ArduinoSketch1\ArduinoSketch1\ArduinoCore\Debug\libArduinoCore.a(HardwareSerial0.o)
 .text._ZN5Print17availableForWriteEv
                0x00000000        0x6 C:\Users\Lucas\Documents\TCs\AtmegaMidiTest\ArduinoSketch1\ArduinoSketch1\ArduinoCore\Debug\libArduinoCore.a(HardwareSerial0.o)
 .text._ZN5Print5flushEv
                0x00000000        0x2 C:\Users\Lucas\Documents\TCs\AtmegaMidiTest\ArduinoSketch1\ArduinoSketch1\ArduinoCore\Debug\libArduinoCore.a(HardwareSerial0.o)
 .text._Z17Serial0_availablev
                0x00000000       0x14 C:\Users\Lucas\Documents\TCs\AtmegaMidiTest\ArduinoSketch1\ArduinoSketch1\ArduinoCore\Debug\libArduinoCore.a(HardwareSerial0.o)
 .group         0x00000000        0x8 C:\Users\Lucas\Documents\TCs\AtmegaMidiTest\ArduinoSketch1\ArduinoSketch1\ArduinoCore\Debug\libArduinoCore.a(Print.o)
 .group         0x00000000        0x8 C:\Users\Lucas\Documents\TCs\AtmegaMidiTest\ArduinoSketch1\ArduinoSketch1\ArduinoCore\Debug\libArduinoCore.a(Print.o)
 .group         0x00000000        0x8 C:\Users\Lucas\Documents\TCs\AtmegaMidiTest\ArduinoSketch1\ArduinoSketch1\ArduinoCore\Debug\libArduinoCore.a(Print.o)
 .group         0x00000000        0x8 C:\Users\Lucas\Documents\TCs\AtmegaMidiTest\ArduinoSketch1\ArduinoSketch1\ArduinoCore\Debug\libArduinoCore.a(Print.o)
 .text          0x00000000        0x0 C:\Users\Lucas\Documents\TCs\AtmegaMidiTest\ArduinoSketch1\ArduinoSketch1\ArduinoCore\Debug\libArduinoCore.a(Print.o)
 .data          0x00000000        0x0 C:\Users\Lucas\Documents\TCs\AtmegaMidiTest\ArduinoSketch1\ArduinoSketch1\ArduinoCore\Debug\libArduinoCore.a(Print.o)
 .bss           0x00000000        0x0 C:\Users\Lucas\Documents\TCs\AtmegaMidiTest\ArduinoSketch1\ArduinoSketch1\ArduinoCore\Debug\libArduinoCore.a(Print.o)
 .text._ZN5Print17availableForWriteEv
                0x00000000        0x6 C:\Users\Lucas\Documents\TCs\AtmegaMidiTest\ArduinoSketch1\ArduinoSketch1\ArduinoCore\Debug\libArduinoCore.a(Print.o)
 .text._ZN5Print5flushEv
                0x00000000        0x2 C:\Users\Lucas\Documents\TCs\AtmegaMidiTest\ArduinoSketch1\ArduinoSketch1\ArduinoCore\Debug\libArduinoCore.a(Print.o)
 .text._ZN5Print5writeEPKc
                0x00000000       0x2a C:\Users\Lucas\Documents\TCs\AtmegaMidiTest\ArduinoSketch1\ArduinoSketch1\ArduinoCore\Debug\libArduinoCore.a(Print.o)
 .text._ZN5Print5printEPK19__FlashStringHelper
                0x00000000       0x48 C:\Users\Lucas\Documents\TCs\AtmegaMidiTest\ArduinoSketch1\ArduinoSketch1\ArduinoCore\Debug\libArduinoCore.a(Print.o)
 .text._ZN5Print5printERK6String
                0x00000000       0x1c C:\Users\Lucas\Documents\TCs\AtmegaMidiTest\ArduinoSketch1\ArduinoSketch1\ArduinoCore\Debug\libArduinoCore.a(Print.o)
 .text._ZN5Print5printEPKc
                0x00000000        0x4 C:\Users\Lucas\Documents\TCs\AtmegaMidiTest\ArduinoSketch1\ArduinoSketch1\ArduinoCore\Debug\libArduinoCore.a(Print.o)
 .text._ZN5Print5printEc
                0x00000000        0xe C:\Users\Lucas\Documents\TCs\AtmegaMidiTest\ArduinoSketch1\ArduinoSketch1\ArduinoCore\Debug\libArduinoCore.a(Print.o)
 .text._ZN5Print5printERK9Printable
                0x00000000       0x14 C:\Users\Lucas\Documents\TCs\AtmegaMidiTest\ArduinoSketch1\ArduinoSketch1\ArduinoCore\Debug\libArduinoCore.a(Print.o)
 .rodata.str1.1
                0x00000000        0xf C:\Users\Lucas\Documents\TCs\AtmegaMidiTest\ArduinoSketch1\ArduinoSketch1\ArduinoCore\Debug\libArduinoCore.a(Print.o)
 .text._ZN5Print7printlnEv
                0x00000000        0x8 C:\Users\Lucas\Documents\TCs\AtmegaMidiTest\ArduinoSketch1\ArduinoSketch1\ArduinoCore\Debug\libArduinoCore.a(Print.o)
 .text._ZN5Print7printlnEPK19__FlashStringHelper
                0x00000000       0x24 C:\Users\Lucas\Documents\TCs\AtmegaMidiTest\ArduinoSketch1\ArduinoSketch1\ArduinoCore\Debug\libArduinoCore.a(Print.o)
 .text._ZN5Print7printlnERK6String
                0x00000000       0x24 C:\Users\Lucas\Documents\TCs\AtmegaMidiTest\ArduinoSketch1\ArduinoSketch1\ArduinoCore\Debug\libArduinoCore.a(Print.o)
 .text._ZN5Print7printlnEPKc
                0x00000000       0x24 C:\Users\Lucas\Documents\TCs\AtmegaMidiTest\ArduinoSketch1\ArduinoSketch1\ArduinoCore\Debug\libArduinoCore.a(Print.o)
 .text._ZN5Print7printlnEc
                0x00000000       0x24 C:\Users\Lucas\Documents\TCs\AtmegaMidiTest\ArduinoSketch1\ArduinoSketch1\ArduinoCore\Debug\libArduinoCore.a(Print.o)
 .text._ZN5Print7printlnERK9Printable
                0x00000000       0x24 C:\Users\Lucas\Documents\TCs\AtmegaMidiTest\ArduinoSketch1\ArduinoSketch1\ArduinoCore\Debug\libArduinoCore.a(Print.o)
 .text._ZN5Print11printNumberEmh
                0x00000000       0x92 C:\Users\Lucas\Documents\TCs\AtmegaMidiTest\ArduinoSketch1\ArduinoSketch1\ArduinoCore\Debug\libArduinoCore.a(Print.o)
 .text._ZN5Print5printEmi
                0x00000000       0x1a C:\Users\Lucas\Documents\TCs\AtmegaMidiTest\ArduinoSketch1\ArduinoSketch1\ArduinoCore\Debug\libArduinoCore.a(Print.o)
 .text._ZN5Print5printEhi
                0x00000000        0xe C:\Users\Lucas\Documents\TCs\AtmegaMidiTest\ArduinoSketch1\ArduinoSketch1\ArduinoCore\Debug\libArduinoCore.a(Print.o)
 .text._ZN5Print7printlnEhi
                0x00000000       0x24 C:\Users\Lucas\Documents\TCs\AtmegaMidiTest\ArduinoSketch1\ArduinoSketch1\ArduinoCore\Debug\libArduinoCore.a(Print.o)
 .text._ZN5Print5printEji
                0x00000000        0xc C:\Users\Lucas\Documents\TCs\AtmegaMidiTest\ArduinoSketch1\ArduinoSketch1\ArduinoCore\Debug\libArduinoCore.a(Print.o)
 .text._ZN5Print7printlnEji
                0x00000000       0x24 C:\Users\Lucas\Documents\TCs\AtmegaMidiTest\ArduinoSketch1\ArduinoSketch1\ArduinoCore\Debug\libArduinoCore.a(Print.o)
 .text._ZN5Print7printlnEmi
                0x00000000       0x24 C:\Users\Lucas\Documents\TCs\AtmegaMidiTest\ArduinoSketch1\ArduinoSketch1\ArduinoCore\Debug\libArduinoCore.a(Print.o)
 .text._ZN5Print5printEli
                0x00000000       0x90 C:\Users\Lucas\Documents\TCs\AtmegaMidiTest\ArduinoSketch1\ArduinoSketch1\ArduinoCore\Debug\libArduinoCore.a(Print.o)
 .text._ZN5Print5printEii
                0x00000000        0xe C:\Users\Lucas\Documents\TCs\AtmegaMidiTest\ArduinoSketch1\ArduinoSketch1\ArduinoCore\Debug\libArduinoCore.a(Print.o)
 .text._ZN5Print7printlnEii
                0x00000000       0x24 C:\Users\Lucas\Documents\TCs\AtmegaMidiTest\ArduinoSketch1\ArduinoSketch1\ArduinoCore\Debug\libArduinoCore.a(Print.o)
 .text._ZN5Print7printlnEli
                0x00000000       0x24 C:\Users\Lucas\Documents\TCs\AtmegaMidiTest\ArduinoSketch1\ArduinoSketch1\ArduinoCore\Debug\libArduinoCore.a(Print.o)
 .text._ZN5Print10printFloatEdh
                0x00000000      0x1b6 C:\Users\Lucas\Documents\TCs\AtmegaMidiTest\ArduinoSketch1\ArduinoSketch1\ArduinoCore\Debug\libArduinoCore.a(Print.o)
 .text._ZN5Print5printEdi
                0x00000000        0x4 C:\Users\Lucas\Documents\TCs\AtmegaMidiTest\ArduinoSketch1\ArduinoSketch1\ArduinoCore\Debug\libArduinoCore.a(Print.o)
 .text._ZN5Print7printlnEdi
                0x00000000       0x24 C:\Users\Lucas\Documents\TCs\AtmegaMidiTest\ArduinoSketch1\ArduinoSketch1\ArduinoCore\Debug\libArduinoCore.a(Print.o)
 .rodata._ZTV5Print
                0x00000000        0xc C:\Users\Lucas\Documents\TCs\AtmegaMidiTest\ArduinoSketch1\ArduinoSketch1\ArduinoCore\Debug\libArduinoCore.a(Print.o)
 .text          0x00000000        0x0 C:\Users\Lucas\Documents\TCs\AtmegaMidiTest\ArduinoSketch1\ArduinoSketch1\ArduinoCore\Debug\libArduinoCore.a(abi.o)
 .data          0x00000000        0x0 C:\Users\Lucas\Documents\TCs\AtmegaMidiTest\ArduinoSketch1\ArduinoSketch1\ArduinoCore\Debug\libArduinoCore.a(abi.o)
 .bss           0x00000000        0x0 C:\Users\Lucas\Documents\TCs\AtmegaMidiTest\ArduinoSketch1\ArduinoSketch1\ArduinoCore\Debug\libArduinoCore.a(abi.o)
 .text.__cxa_pure_virtual
                0x00000000        0x4 C:\Users\Lucas\Documents\TCs\AtmegaMidiTest\ArduinoSketch1\ArduinoSketch1\ArduinoCore\Debug\libArduinoCore.a(abi.o)
 .text.__cxa_deleted_virtual
                0x00000000        0x4 C:\Users\Lucas\Documents\TCs\AtmegaMidiTest\ArduinoSketch1\ArduinoSketch1\ArduinoCore\Debug\libArduinoCore.a(abi.o)
 .debug_info    0x00000000       0x76 C:\Users\Lucas\Documents\TCs\AtmegaMidiTest\ArduinoSketch1\ArduinoSketch1\ArduinoCore\Debug\libArduinoCore.a(abi.o)
 .debug_abbrev  0x00000000       0x6d C:\Users\Lucas\Documents\TCs\AtmegaMidiTest\ArduinoSketch1\ArduinoSketch1\ArduinoCore\Debug\libArduinoCore.a(abi.o)
 .debug_aranges
                0x00000000       0x20 C:\Users\Lucas\Documents\TCs\AtmegaMidiTest\ArduinoSketch1\ArduinoSketch1\ArduinoCore\Debug\libArduinoCore.a(abi.o)
 .debug_ranges  0x00000000       0x10 C:\Users\Lucas\Documents\TCs\AtmegaMidiTest\ArduinoSketch1\ArduinoSketch1\ArduinoCore\Debug\libArduinoCore.a(abi.o)
 .debug_line    0x00000000       0xa9 C:\Users\Lucas\Documents\TCs\AtmegaMidiTest\ArduinoSketch1\ArduinoSketch1\ArduinoCore\Debug\libArduinoCore.a(abi.o)
 .debug_str     0x00000000      0x190 C:\Users\Lucas\Documents\TCs\AtmegaMidiTest\ArduinoSketch1\ArduinoSketch1\ArduinoCore\Debug\libArduinoCore.a(abi.o)
 .comment       0x00000000       0x31 C:\Users\Lucas\Documents\TCs\AtmegaMidiTest\ArduinoSketch1\ArduinoSketch1\ArduinoCore\Debug\libArduinoCore.a(abi.o)
 .debug_frame   0x00000000       0x34 C:\Users\Lucas\Documents\TCs\AtmegaMidiTest\ArduinoSketch1\ArduinoSketch1\ArduinoCore\Debug\libArduinoCore.a(abi.o)
 .text          0x00000000        0x0 c:/program files (x86)/atmel/studio/7.0/toolchain/avr8/avr8-gnu-toolchain/bin/../lib/gcc/avr/5.4.0/../../../../avr/lib/avr5\libm.a(unordsf2.o)
 .data          0x00000000        0x0 c:/program files (x86)/atmel/studio/7.0/toolchain/avr8/avr8-gnu-toolchain/bin/../lib/gcc/avr/5.4.0/../../../../avr/lib/avr5\libm.a(unordsf2.o)
 .bss           0x00000000        0x0 c:/program files (x86)/atmel/studio/7.0/toolchain/avr8/avr8-gnu-toolchain/bin/../lib/gcc/avr/5.4.0/../../../../avr/lib/avr5\libm.a(unordsf2.o)
 .text.avr-libc.fplib
                0x00000000        0xa c:/program files (x86)/atmel/studio/7.0/toolchain/avr8/avr8-gnu-toolchain/bin/../lib/gcc/avr/5.4.0/../../../../avr/lib/avr5\libm.a(unordsf2.o)
 .text          0x00000000        0x0 c:/program files (x86)/atmel/studio/7.0/toolchain/avr8/avr8-gnu-toolchain/bin/../lib/gcc/avr/5.4.0/avr5\libgcc.a(_udivmodhi4.o)
 .data          0x00000000        0x0 c:/program files (x86)/atmel/studio/7.0/toolchain/avr8/avr8-gnu-toolchain/bin/../lib/gcc/avr/5.4.0/avr5\libgcc.a(_udivmodhi4.o)
 .bss           0x00000000        0x0 c:/program files (x86)/atmel/studio/7.0/toolchain/avr8/avr8-gnu-toolchain/bin/../lib/gcc/avr/5.4.0/avr5\libgcc.a(_udivmodhi4.o)
 .text.libgcc.mul
                0x00000000        0x0 c:/program files (x86)/atmel/studio/7.0/toolchain/avr8/avr8-gnu-toolchain/bin/../lib/gcc/avr/5.4.0/avr5\libgcc.a(_udivmodhi4.o)
 .text.libgcc   0x00000000        0x0 c:/program files (x86)/atmel/studio/7.0/toolchain/avr8/avr8-gnu-toolchain/bin/../lib/gcc/avr/5.4.0/avr5\libgcc.a(_udivmodhi4.o)
 .text.libgcc.prologue
                0x00000000        0x0 c:/program files (x86)/atmel/studio/7.0/toolchain/avr8/avr8-gnu-toolchain/bin/../lib/gcc/avr/5.4.0/avr5\libgcc.a(_udivmodhi4.o)
 .text.libgcc.builtins
                0x00000000        0x0 c:/program files (x86)/atmel/studio/7.0/toolchain/avr8/avr8-gnu-toolchain/bin/../lib/gcc/avr/5.4.0/avr5\libgcc.a(_udivmodhi4.o)
 .text.libgcc.fmul
                0x00000000        0x0 c:/program files (x86)/atmel/studio/7.0/toolchain/avr8/avr8-gnu-toolchain/bin/../lib/gcc/avr/5.4.0/avr5\libgcc.a(_udivmodhi4.o)
 .text.libgcc.fixed
                0x00000000        0x0 c:/program files (x86)/atmel/studio/7.0/toolchain/avr8/avr8-gnu-toolchain/bin/../lib/gcc/avr/5.4.0/avr5\libgcc.a(_udivmodhi4.o)
 .text          0x00000000        0x0 c:/program files (x86)/atmel/studio/7.0/toolchain/avr8/avr8-gnu-toolchain/bin/../lib/gcc/avr/5.4.0/avr5\libgcc.a(_udivmodsi4.o)
 .data          0x00000000        0x0 c:/program files (x86)/atmel/studio/7.0/toolchain/avr8/avr8-gnu-toolchain/bin/../lib/gcc/avr/5.4.0/avr5\libgcc.a(_udivmodsi4.o)
 .bss           0x00000000        0x0 c:/program files (x86)/atmel/studio/7.0/toolchain/avr8/avr8-gnu-toolchain/bin/../lib/gcc/avr/5.4.0/avr5\libgcc.a(_udivmodsi4.o)
 .text.libgcc.mul
                0x00000000        0x0 c:/program files (x86)/atmel/studio/7.0/toolchain/avr8/avr8-gnu-toolchain/bin/../lib/gcc/avr/5.4.0/avr5\libgcc.a(_udivmodsi4.o)
 .text.libgcc   0x00000000        0x0 c:/program files (x86)/atmel/studio/7.0/toolchain/avr8/avr8-gnu-toolchain/bin/../lib/gcc/avr/5.4.0/avr5\libgcc.a(_udivmodsi4.o)
 .text.libgcc.prologue
                0x00000000        0x0 c:/program files (x86)/atmel/studio/7.0/toolchain/avr8/avr8-gnu-toolchain/bin/../lib/gcc/avr/5.4.0/avr5\libgcc.a(_udivmodsi4.o)
 .text.libgcc.builtins
                0x00000000        0x0 c:/program files (x86)/atmel/studio/7.0/toolchain/avr8/avr8-gnu-toolchain/bin/../lib/gcc/avr/5.4.0/avr5\libgcc.a(_udivmodsi4.o)
 .text.libgcc.fmul
                0x00000000        0x0 c:/program files (x86)/atmel/studio/7.0/toolchain/avr8/avr8-gnu-toolchain/bin/../lib/gcc/avr/5.4.0/avr5\libgcc.a(_udivmodsi4.o)
 .text.libgcc.fixed
                0x00000000        0x0 c:/program files (x86)/atmel/studio/7.0/toolchain/avr8/avr8-gnu-toolchain/bin/../lib/gcc/avr/5.4.0/avr5\libgcc.a(_udivmodsi4.o)
 .text          0x00000000        0x0 c:/program files (x86)/atmel/studio/7.0/toolchain/avr8/avr8-gnu-toolchain/bin/../lib/gcc/avr/5.4.0/avr5\libgcc.a(_divmodsi4.o)
 .data          0x00000000        0x0 c:/program files (x86)/atmel/studio/7.0/toolchain/avr8/avr8-gnu-toolchain/bin/../lib/gcc/avr/5.4.0/avr5\libgcc.a(_divmodsi4.o)
 .bss           0x00000000        0x0 c:/program files (x86)/atmel/studio/7.0/toolchain/avr8/avr8-gnu-toolchain/bin/../lib/gcc/avr/5.4.0/avr5\libgcc.a(_divmodsi4.o)
 .text.libgcc.mul
                0x00000000        0x0 c:/program files (x86)/atmel/studio/7.0/toolchain/avr8/avr8-gnu-toolchain/bin/../lib/gcc/avr/5.4.0/avr5\libgcc.a(_divmodsi4.o)
 .text.libgcc   0x00000000        0x0 c:/program files (x86)/atmel/studio/7.0/toolchain/avr8/avr8-gnu-toolchain/bin/../lib/gcc/avr/5.4.0/avr5\libgcc.a(_divmodsi4.o)
 .text.libgcc.prologue
                0x00000000        0x0 c:/program files (x86)/atmel/studio/7.0/toolchain/avr8/avr8-gnu-toolchain/bin/../lib/gcc/avr/5.4.0/avr5\libgcc.a(_divmodsi4.o)
 .text.libgcc.builtins
                0x00000000        0x0 c:/program files (x86)/atmel/studio/7.0/toolchain/avr8/avr8-gnu-toolchain/bin/../lib/gcc/avr/5.4.0/avr5\libgcc.a(_divmodsi4.o)
 .text.libgcc.fmul
                0x00000000        0x0 c:/program files (x86)/atmel/studio/7.0/toolchain/avr8/avr8-gnu-toolchain/bin/../lib/gcc/avr/5.4.0/avr5\libgcc.a(_divmodsi4.o)
 .text.libgcc.fixed
                0x00000000        0x0 c:/program files (x86)/atmel/studio/7.0/toolchain/avr8/avr8-gnu-toolchain/bin/../lib/gcc/avr/5.4.0/avr5\libgcc.a(_divmodsi4.o)
 .text          0x00000000        0x0 c:/program files (x86)/atmel/studio/7.0/toolchain/avr8/avr8-gnu-toolchain/bin/../lib/gcc/avr/5.4.0/avr5\libgcc.a(_negsi2.o)
 .data          0x00000000        0x0 c:/program files (x86)/atmel/studio/7.0/toolchain/avr8/avr8-gnu-toolchain/bin/../lib/gcc/avr/5.4.0/avr5\libgcc.a(_negsi2.o)
 .bss           0x00000000        0x0 c:/program files (x86)/atmel/studio/7.0/toolchain/avr8/avr8-gnu-toolchain/bin/../lib/gcc/avr/5.4.0/avr5\libgcc.a(_negsi2.o)
 .text.libgcc.mul
                0x00000000        0x0 c:/program files (x86)/atmel/studio/7.0/toolchain/avr8/avr8-gnu-toolchain/bin/../lib/gcc/avr/5.4.0/avr5\libgcc.a(_negsi2.o)
 .text.libgcc   0x00000000        0x0 c:/program files (x86)/atmel/studio/7.0/toolchain/avr8/avr8-gnu-toolchain/bin/../lib/gcc/avr/5.4.0/avr5\libgcc.a(_negsi2.o)
 .text.libgcc.prologue
                0x00000000        0x0 c:/program files (x86)/atmel/studio/7.0/toolchain/avr8/avr8-gnu-toolchain/bin/../lib/gcc/avr/5.4.0/avr5\libgcc.a(_negsi2.o)
 .text.libgcc.builtins
                0x00000000        0x0 c:/program files (x86)/atmel/studio/7.0/toolchain/avr8/avr8-gnu-toolchain/bin/../lib/gcc/avr/5.4.0/avr5\libgcc.a(_negsi2.o)
 .text.libgcc.fmul
                0x00000000        0x0 c:/program files (x86)/atmel/studio/7.0/toolchain/avr8/avr8-gnu-toolchain/bin/../lib/gcc/avr/5.4.0/avr5\libgcc.a(_negsi2.o)
 .text.libgcc.fixed
                0x00000000        0x0 c:/program files (x86)/atmel/studio/7.0/toolchain/avr8/avr8-gnu-toolchain/bin/../lib/gcc/avr/5.4.0/avr5\libgcc.a(_negsi2.o)
 .text          0x00000000        0x0 c:/program files (x86)/atmel/studio/7.0/toolchain/avr8/avr8-gnu-toolchain/bin/../lib/gcc/avr/5.4.0/avr5\libgcc.a(_exit.o)
 .data          0x00000000        0x0 c:/program files (x86)/atmel/studio/7.0/toolchain/avr8/avr8-gnu-toolchain/bin/../lib/gcc/avr/5.4.0/avr5\libgcc.a(_exit.o)
 .bss           0x00000000        0x0 c:/program files (x86)/atmel/studio/7.0/toolchain/avr8/avr8-gnu-toolchain/bin/../lib/gcc/avr/5.4.0/avr5\libgcc.a(_exit.o)
 .text.libgcc.mul
                0x00000000        0x0 c:/program files (x86)/atmel/studio/7.0/toolchain/avr8/avr8-gnu-toolchain/bin/../lib/gcc/avr/5.4.0/avr5\libgcc.a(_exit.o)
 .text.libgcc.div
                0x00000000        0x0 c:/program files (x86)/atmel/studio/7.0/toolchain/avr8/avr8-gnu-toolchain/bin/../lib/gcc/avr/5.4.0/avr5\libgcc.a(_exit.o)
 .text.libgcc   0x00000000        0x0 c:/program files (x86)/atmel/studio/7.0/toolchain/avr8/avr8-gnu-toolchain/bin/../lib/gcc/avr/5.4.0/avr5\libgcc.a(_exit.o)
 .text.libgcc.prologue
                0x00000000        0x0 c:/program files (x86)/atmel/studio/7.0/toolchain/avr8/avr8-gnu-toolchain/bin/../lib/gcc/avr/5.4.0/avr5\libgcc.a(_exit.o)
 .text.libgcc.builtins
                0x00000000        0x0 c:/program files (x86)/atmel/studio/7.0/toolchain/avr8/avr8-gnu-toolchain/bin/../lib/gcc/avr/5.4.0/avr5\libgcc.a(_exit.o)
 .text.libgcc.fmul
                0x00000000        0x0 c:/program files (x86)/atmel/studio/7.0/toolchain/avr8/avr8-gnu-toolchain/bin/../lib/gcc/avr/5.4.0/avr5\libgcc.a(_exit.o)
 .text.libgcc.fixed
                0x00000000        0x0 c:/program files (x86)/atmel/studio/7.0/toolchain/avr8/avr8-gnu-toolchain/bin/../lib/gcc/avr/5.4.0/avr5\libgcc.a(_exit.o)
 .text          0x00000000        0x0 c:/program files (x86)/atmel/studio/7.0/toolchain/avr8/avr8-gnu-toolchain/bin/../lib/gcc/avr/5.4.0/avr5\libgcc.a(_tablejump2.o)
 .data          0x00000000        0x0 c:/program files (x86)/atmel/studio/7.0/toolchain/avr8/avr8-gnu-toolchain/bin/../lib/gcc/avr/5.4.0/avr5\libgcc.a(_tablejump2.o)
 .bss           0x00000000        0x0 c:/program files (x86)/atmel/studio/7.0/toolchain/avr8/avr8-gnu-toolchain/bin/../lib/gcc/avr/5.4.0/avr5\libgcc.a(_tablejump2.o)
 .text.libgcc.mul
                0x00000000        0x0 c:/program files (x86)/atmel/studio/7.0/toolchain/avr8/avr8-gnu-toolchain/bin/../lib/gcc/avr/5.4.0/avr5\libgcc.a(_tablejump2.o)
 .text.libgcc.div
                0x00000000        0x0 c:/program files (x86)/atmel/studio/7.0/toolchain/avr8/avr8-gnu-toolchain/bin/../lib/gcc/avr/5.4.0/avr5\libgcc.a(_tablejump2.o)
 .text.libgcc.prologue
                0x00000000        0x0 c:/program files (x86)/atmel/studio/7.0/toolchain/avr8/avr8-gnu-toolchain/bin/../lib/gcc/avr/5.4.0/avr5\libgcc.a(_tablejump2.o)
 .text.libgcc.builtins
                0x00000000        0x0 c:/program files (x86)/atmel/studio/7.0/toolchain/avr8/avr8-gnu-toolchain/bin/../lib/gcc/avr/5.4.0/avr5\libgcc.a(_tablejump2.o)
 .text.libgcc.fmul
                0x00000000        0x0 c:/program files (x86)/atmel/studio/7.0/toolchain/avr8/avr8-gnu-toolchain/bin/../lib/gcc/avr/5.4.0/avr5\libgcc.a(_tablejump2.o)
 .text.libgcc.fixed
                0x00000000        0x0 c:/program files (x86)/atmel/studio/7.0/toolchain/avr8/avr8-gnu-toolchain/bin/../lib/gcc/avr/5.4.0/avr5\libgcc.a(_tablejump2.o)
 .text          0x00000000        0x0 c:/program files (x86)/atmel/studio/7.0/toolchain/avr8/avr8-gnu-toolchain/bin/../lib/gcc/avr/5.4.0/avr5\libgcc.a(_copy_data.o)
 .data          0x00000000        0x0 c:/program files (x86)/atmel/studio/7.0/toolchain/avr8/avr8-gnu-toolchain/bin/../lib/gcc/avr/5.4.0/avr5\libgcc.a(_copy_data.o)
 .bss           0x00000000        0x0 c:/program files (x86)/atmel/studio/7.0/toolchain/avr8/avr8-gnu-toolchain/bin/../lib/gcc/avr/5.4.0/avr5\libgcc.a(_copy_data.o)
 .text.libgcc.mul
                0x00000000        0x0 c:/program files (x86)/atmel/studio/7.0/toolchain/avr8/avr8-gnu-toolchain/bin/../lib/gcc/avr/5.4.0/avr5\libgcc.a(_copy_data.o)
 .text.libgcc.div
                0x00000000        0x0 c:/program files (x86)/atmel/studio/7.0/toolchain/avr8/avr8-gnu-toolchain/bin/../lib/gcc/avr/5.4.0/avr5\libgcc.a(_copy_data.o)
 .text.libgcc   0x00000000        0x0 c:/program files (x86)/atmel/studio/7.0/toolchain/avr8/avr8-gnu-toolchain/bin/../lib/gcc/avr/5.4.0/avr5\libgcc.a(_copy_data.o)
 .text.libgcc.prologue
                0x00000000        0x0 c:/program files (x86)/atmel/studio/7.0/toolchain/avr8/avr8-gnu-toolchain/bin/../lib/gcc/avr/5.4.0/avr5\libgcc.a(_copy_data.o)
 .text.libgcc.builtins
                0x00000000        0x0 c:/program files (x86)/atmel/studio/7.0/toolchain/avr8/avr8-gnu-toolchain/bin/../lib/gcc/avr/5.4.0/avr5\libgcc.a(_copy_data.o)
 .text.libgcc.fmul
                0x00000000        0x0 c:/program files (x86)/atmel/studio/7.0/toolchain/avr8/avr8-gnu-toolchain/bin/../lib/gcc/avr/5.4.0/avr5\libgcc.a(_copy_data.o)
 .text.libgcc.fixed
                0x00000000        0x0 c:/program files (x86)/atmel/studio/7.0/toolchain/avr8/avr8-gnu-toolchain/bin/../lib/gcc/avr/5.4.0/avr5\libgcc.a(_copy_data.o)
 .text          0x00000000        0x0 c:/program files (x86)/atmel/studio/7.0/toolchain/avr8/avr8-gnu-toolchain/bin/../lib/gcc/avr/5.4.0/avr5\libgcc.a(_clear_bss.o)
 .data          0x00000000        0x0 c:/program files (x86)/atmel/studio/7.0/toolchain/avr8/avr8-gnu-toolchain/bin/../lib/gcc/avr/5.4.0/avr5\libgcc.a(_clear_bss.o)
 .bss           0x00000000        0x0 c:/program files (x86)/atmel/studio/7.0/toolchain/avr8/avr8-gnu-toolchain/bin/../lib/gcc/avr/5.4.0/avr5\libgcc.a(_clear_bss.o)
 .text.libgcc.mul
                0x00000000        0x0 c:/program files (x86)/atmel/studio/7.0/toolchain/avr8/avr8-gnu-toolchain/bin/../lib/gcc/avr/5.4.0/avr5\libgcc.a(_clear_bss.o)
 .text.libgcc.div
                0x00000000        0x0 c:/program files (x86)/atmel/studio/7.0/toolchain/avr8/avr8-gnu-toolchain/bin/../lib/gcc/avr/5.4.0/avr5\libgcc.a(_clear_bss.o)
 .text.libgcc   0x00000000        0x0 c:/program files (x86)/atmel/studio/7.0/toolchain/avr8/avr8-gnu-toolchain/bin/../lib/gcc/avr/5.4.0/avr5\libgcc.a(_clear_bss.o)
 .text.libgcc.prologue
                0x00000000        0x0 c:/program files (x86)/atmel/studio/7.0/toolchain/avr8/avr8-gnu-toolchain/bin/../lib/gcc/avr/5.4.0/avr5\libgcc.a(_clear_bss.o)
 .text.libgcc.builtins
                0x00000000        0x0 c:/program files (x86)/atmel/studio/7.0/toolchain/avr8/avr8-gnu-toolchain/bin/../lib/gcc/avr/5.4.0/avr5\libgcc.a(_clear_bss.o)
 .text.libgcc.fmul
                0x00000000        0x0 c:/program files (x86)/atmel/studio/7.0/toolchain/avr8/avr8-gnu-toolchain/bin/../lib/gcc/avr/5.4.0/avr5\libgcc.a(_clear_bss.o)
 .text.libgcc.fixed
                0x00000000        0x0 c:/program files (x86)/atmel/studio/7.0/toolchain/avr8/avr8-gnu-toolchain/bin/../lib/gcc/avr/5.4.0/avr5\libgcc.a(_clear_bss.o)
 .text          0x00000000        0x0 c:/program files (x86)/atmel/studio/7.0/toolchain/avr8/avr8-gnu-toolchain/bin/../lib/gcc/avr/5.4.0/avr5\libgcc.a(_ctors.o)
 .data          0x00000000        0x0 c:/program files (x86)/atmel/studio/7.0/toolchain/avr8/avr8-gnu-toolchain/bin/../lib/gcc/avr/5.4.0/avr5\libgcc.a(_ctors.o)
 .bss           0x00000000        0x0 c:/program files (x86)/atmel/studio/7.0/toolchain/avr8/avr8-gnu-toolchain/bin/../lib/gcc/avr/5.4.0/avr5\libgcc.a(_ctors.o)
 .text.libgcc.mul
                0x00000000        0x0 c:/program files (x86)/atmel/studio/7.0/toolchain/avr8/avr8-gnu-toolchain/bin/../lib/gcc/avr/5.4.0/avr5\libgcc.a(_ctors.o)
 .text.libgcc.div
                0x00000000        0x0 c:/program files (x86)/atmel/studio/7.0/toolchain/avr8/avr8-gnu-toolchain/bin/../lib/gcc/avr/5.4.0/avr5\libgcc.a(_ctors.o)
 .text.libgcc   0x00000000        0x0 c:/program files (x86)/atmel/studio/7.0/toolchain/avr8/avr8-gnu-toolchain/bin/../lib/gcc/avr/5.4.0/avr5\libgcc.a(_ctors.o)
 .text.libgcc.prologue
                0x00000000        0x0 c:/program files (x86)/atmel/studio/7.0/toolchain/avr8/avr8-gnu-toolchain/bin/../lib/gcc/avr/5.4.0/avr5\libgcc.a(_ctors.o)
 .text.libgcc.builtins
                0x00000000        0x0 c:/program files (x86)/atmel/studio/7.0/toolchain/avr8/avr8-gnu-toolchain/bin/../lib/gcc/avr/5.4.0/avr5\libgcc.a(_ctors.o)
 .text.libgcc.fmul
                0x00000000        0x0 c:/program files (x86)/atmel/studio/7.0/toolchain/avr8/avr8-gnu-toolchain/bin/../lib/gcc/avr/5.4.0/avr5\libgcc.a(_ctors.o)
 .text.libgcc.fixed
                0x00000000        0x0 c:/program files (x86)/atmel/studio/7.0/toolchain/avr8/avr8-gnu-toolchain/bin/../lib/gcc/avr/5.4.0/avr5\libgcc.a(_ctors.o)
 .text          0x00000000        0x0 c:/program files (x86)/atmel/studio/7.0/toolchain/avr8/avr8-gnu-toolchain/bin/../lib/gcc/avr/5.4.0/../../../../avr/lib/avr5\libc.a(abort.o)
 .data          0x00000000        0x0 c:/program files (x86)/atmel/studio/7.0/toolchain/avr8/avr8-gnu-toolchain/bin/../lib/gcc/avr/5.4.0/../../../../avr/lib/avr5\libc.a(abort.o)
 .bss           0x00000000        0x0 c:/program files (x86)/atmel/studio/7.0/toolchain/avr8/avr8-gnu-toolchain/bin/../lib/gcc/avr/5.4.0/../../../../avr/lib/avr5\libc.a(abort.o)
 .text.avr-libc
                0x00000000        0xa c:/program files (x86)/atmel/studio/7.0/toolchain/avr8/avr8-gnu-toolchain/bin/../lib/gcc/avr/5.4.0/../../../../avr/lib/avr5\libc.a(abort.o)

Memory Configuration

Name             Origin             Length             Attributes
text             0x00000000         0x00020000         xr
data             0x00800060         0x0000ffa0         rw !x
eeprom           0x00810000         0x00010000         rw !x
fuse             0x00820000         0x00000003         rw !x
lock             0x00830000         0x00000400         rw !x
signature        0x00840000         0x00000400         rw !x
user_signatures  0x00850000         0x00000400         rw !x
*default*        0x00000000         0xffffffff

Linker script and memory map

Address of section .data set to 0x800100
LOAD C:/Program Files (x86)/Atmel/Studio/7.0/Packs/atmel/ATmega_DFP/1.2.209/gcc/dev/atmega328p/avr5/crtatmega328p.o
LOAD main.o
START GROUP
LOAD c:/program files (x86)/atmel/studio/7.0/toolchain/avr8/avr8-gnu-toolchain/bin/../lib/gcc/avr/5.4.0/../../../../avr/lib/avr5\libm.a
LOAD C:\Users\Lucas\Documents\TCs\AtmegaMidiTest\ArduinoSketch1\ArduinoSketch1\ArduinoCore\Debug\libArduinoCore.a
END GROUP
LOAD c:/program files (x86)/atmel/studio/7.0/toolchain/avr8/avr8-gnu-toolchain/bin/../lib/gcc/avr/5.4.0/avr5\libgcc.a
LOAD c:/program files (x86)/atmel/studio/7.0/toolchain/avr8/avr8-gnu-toolchain/bin/../lib/gcc/avr/5.4.0/../../../../avr/lib/avr5\libm.a
START GROUP
LOAD c:/program files (x86)/atmel/studio/7.0/toolchain/avr8/avr8-gnu-toolchain/bin/../lib/gcc/avr/5.4.0/avr5\libgcc.a
LOAD c:/program files (x86)/atmel/studio/7.0/toolchain/avr8/avr8-gnu-toolchain/bin/../lib/gcc/avr/5.4.0/../../../../avr/lib/avr5\libm.a
LOAD c:/program files (x86)/atmel/studio/7.0/toolchain/avr8/avr8-gnu-toolchain/bin/../lib/gcc/avr/5.4.0/../../../../avr/lib/avr5\libc.a
LOAD C:/Program Files (x86)/Atmel/Studio/7.0/Packs/atmel/ATmega_DFP/1.2.209/gcc/dev/atmega328p/avr5\libatmega328p.a
END GROUP
                0x00020000                __TEXT_REGION_LENGTH__ = DEFINED (__TEXT_REGION_LENGTH__)?__TEXT_REGION_LENGTH__:0x20000
                0x0000ffa0                __DATA_REGION_LENGTH__ = DEFINED (__DATA_REGION_LENGTH__)?__DATA_REGION_LENGTH__:0xffa0
                0x00010000                __EEPROM_REGION_LENGTH__ = DEFINED (__EEPROM_REGION_LENGTH__)?__EEPROM_REGION_LENGTH__:0x10000
                [0x00000003]                __FUSE_REGION_LENGTH__ = DEFINED (__FUSE_REGION_LENGTH__)?__FUSE_REGION_LENGTH__:0x400
                0x00000400                __LOCK_REGION_LENGTH__ = DEFINED (__LOCK_REGION_LENGTH__)?__LOCK_REGION_LENGTH__:0x400
                0x00000400                __SIGNATURE_REGION_LENGTH__ = DEFINED (__SIGNATURE_REGION_LENGTH__)?__SIGNATURE_REGION_LENGTH__:0x400
                0x00000400                __USER_SIGNATURE_REGION_LENGTH__ = DEFINED (__USER_SIGNATURE_REGION_LENGTH__)?__USER_SIGNATURE_REGION_LENGTH__:0x400

.hash
 *(.hash)

.dynsym
 *(.dynsym)

.dynstr
 *(.dynstr)

.gnu.version
 *(.gnu.version)

.gnu.version_d
 *(.gnu.version_d)

.gnu.version_r
 *(.gnu.version_r)

.rel.init
 *(.rel.init)

.rela.init
 *(.rela.init)

.rel.text
 *(.rel.text)
 *(.rel.text.*)
 *(.rel.gnu.linkonce.t*)

.rela.text
 *(.rela.text)
 *(.rela.text.*)
 *(.rela.gnu.linkonce.t*)

.rel.fini
 *(.rel.fini)

.rela.fini
 *(.rela.fini)

.rel.rodata
 *(.rel.rodata)
 *(.rel.rodata.*)
 *(.rel.gnu.linkonce.r*)

.rela.rodata
 *(.rela.rodata)
 *(.rela.rodata.*)
 *(.rela.gnu.linkonce.r*)

.rel.data
 *(.rel.data)
 *(.rel.data.*)
 *(.rel.gnu.linkonce.d*)

.rela.data
 *(.rela.data)
 *(.rela.data.*)
 *(.rela.gnu.linkonce.d*)

.rel.ctors
 *(.rel.ctors)

.rela.ctors
 *(.rela.ctors)

.rel.dtors
 *(.rel.dtors)

.rela.dtors
 *(.rela.dtors)

.rel.got
 *(.rel.got)

.rela.got
 *(.rela.got)

.rel.bss
 *(.rel.bss)

.rela.bss
 *(.rela.bss)

.rel.plt
 *(.rel.plt)

.rela.plt
 *(.rela.plt)

.text           0x00000000     0x21f8
 *(.vectors)
 .vectors       0x00000000       0x68 C:/Program Files (x86)/Atmel/Studio/7.0/Packs/atmel/ATmega_DFP/1.2.209/gcc/dev/atmega328p/avr5/crtatmega328p.o
                0x00000000                __vector_default
                0x00000000                __vectors
 *(.vectors)
 *(.progmem.gcc*)
 .progmem.gcc_sw_table._ZN4midi13MidiInterfaceI14HardwareSerialNS_15DefaultSettingsEE10thruFilterEh
                0x00000068       0x20 main.o
 .progmem.gcc_fplib
                0x00000088       0x28 c:/program files (x86)/atmel/studio/7.0/toolchain/avr8/avr8-gnu-toolchain/bin/../lib/gcc/avr/5.4.0/../../../../avr/lib/avr5\libm.a(exp.o)
 .progmem.gcc_fplib
                0x000000b0       0x5a c:/program files (x86)/atmel/studio/7.0/toolchain/avr8/avr8-gnu-toolchain/bin/../lib/gcc/avr/5.4.0/../../../../avr/lib/avr5\libm.a(log.o)
                0x0000010a                . = ALIGN (0x2)
                0x0000010a                __trampolines_start = .
 *(.trampolines)
 .trampolines   0x0000010a        0x0 linker stubs
 *(.trampolines*)
                0x0000010a                __trampolines_end = .
 *libprintf_flt.a:*(.progmem.data)
 *libc.a:*(.progmem.data)
 *(.progmem*)
                0x0000010a                . = ALIGN (0x2)
 *(.jumptables)
 *(.jumptables*)
 *(.lowtext)
 *(.lowtext*)
                0x0000010a                __ctors_start = .
 *(.ctors)
 .ctors         0x0000010a        0x2 main.o
 .ctors         0x0000010c        0x2 C:\Users\Lucas\Documents\TCs\AtmegaMidiTest\ArduinoSketch1\ArduinoSketch1\ArduinoCore\Debug\libArduinoCore.a(HardwareSerial0.o)
                0x0000010e                __ctors_end = .
                0x0000010e                __dtors_start = .
 *(.dtors)
                0x0000010e                __dtors_end = .
 SORT(*)(.ctors)
 SORT(*)(.dtors)
 *(.init0)
 .init0         0x0000010e        0x0 C:/Program Files (x86)/Atmel/Studio/7.0/Packs/atmel/ATmega_DFP/1.2.209/gcc/dev/atmega328p/avr5/crtatmega328p.o
                0x0000010e                __init
 *(.init0)
 *(.init1)
 *(.init1)
 *(.init2)
 .init2         0x0000010e        0xc C:/Program Files (x86)/Atmel/Studio/7.0/Packs/atmel/ATmega_DFP/1.2.209/gcc/dev/atmega328p/avr5/crtatmega328p.o
 *(.init2)
 *(.init3)
 *(.init3)
 *(.init4)
 .init4         0x0000011a       0x16 c:/program files (x86)/atmel/studio/7.0/toolchain/avr8/avr8-gnu-toolchain/bin/../lib/gcc/avr/5.4.0/avr5\libgcc.a(_copy_data.o)
                0x0000011a                __do_copy_data
 .init4         0x00000130       0x10 c:/program files (x86)/atmel/studio/7.0/toolchain/avr8/avr8-gnu-toolchain/bin/../lib/gcc/avr/5.4.0/avr5\libgcc.a(_clear_bss.o)
                0x00000130                __do_clear_bss
 *(.init4)
 *(.init5)
 *(.init5)
 *(.init6)
 .init6         0x00000140       0x16 c:/program files (x86)/atmel/studio/7.0/toolchain/avr8/avr8-gnu-toolchain/bin/../lib/gcc/avr/5.4.0/avr5\libgcc.a(_ctors.o)
                0x00000140                __do_global_ctors
 *(.init6)
 *(.init7)
 *(.init7)
 *(.init8)
 *(.init8)
 *(.init9)
 .init9         0x00000156        0x8 C:/Program Files (x86)/Atmel/Studio/7.0/Packs/atmel/ATmega_DFP/1.2.209/gcc/dev/atmega328p/avr5/crtatmega328p.o
 *(.init9)
 *(.text)
 .text          0x0000015e        0x4 C:/Program Files (x86)/Atmel/Studio/7.0/Packs/atmel/ATmega_DFP/1.2.209/gcc/dev/atmega328p/avr5/crtatmega328p.o
                0x0000015e                __vector_22
                0x0000015e                __vector_1
                0x0000015e                __vector_24
                0x0000015e                __vector_12
                0x0000015e                __bad_interrupt
                0x0000015e                __vector_6
                0x0000015e                __vector_23
                0x0000015e                __vector_25
                0x0000015e                __vector_13
                0x0000015e                __vector_17
                0x0000015e                __vector_7
                0x0000015e                __vector_5
                0x0000015e                __vector_4
                0x0000015e                __vector_9
                0x0000015e                __vector_2
                0x0000015e                __vector_21
                0x0000015e                __vector_15
                0x0000015e                __vector_8
                0x0000015e                __vector_14
                0x0000015e                __vector_10
                0x0000015e                __vector_16
                0x0000015e                __vector_20
                0x00000162                . = ALIGN (0x2)
 *(.text.*)
 .text._ZN4midi13MidiInterfaceI14HardwareSerialNS_15DefaultSettingsEE12sendRealTimeENS_8MidiTypeE.isra.8
                0x00000162       0x28 main.o
 .text._ZN14HardwareSerial5writeEj
                0x0000018a        0xe main.o
                0x0000018a                _ZN14HardwareSerial5writeEj
 .text._ZN14HardwareSerial5writeEi
                0x00000198        0xe main.o
                0x00000198                _ZN14HardwareSerial5writeEi
 .text._Z7cmd_LCDhc
                0x000001a6       0x6e main.o
                0x000001a6                _Z7cmd_LCDhc
 .text._Z14inic_LCD_4bitsv
                0x00000214       0xce main.o
                0x00000214                _Z14inic_LCD_4bitsv
 .text._Z11escreve_LCDPc
                0x000002e2       0x1a main.o
                0x000002e2                _Z11escreve_LCDPc
 .text._Z9ident_numjPh
                0x000002fc       0x2a main.o
                0x000002fc                _Z9ident_numjPh
 .text._Z11ConvertBarsPhff
                0x00000326       0x6c main.o
                0x00000326                _Z11ConvertBarsPhff
 .text._Z11InitMessagev
                0x00000392       0x64 main.o
                0x00000392                _Z11InitMessagev
 .text._Z8ChangePWiPh
                0x000003f6      0x128 main.o
                0x000003f6                _Z8ChangePWiPh
 .text._Z15ChangeFixedFreqiPh
                0x0000051e       0x66 main.o
                0x0000051e                _Z15ChangeFixedFreqiPh
 .text._Z13ChangePWLimiti
                0x00000584      0x118 main.o
                0x00000584                _Z13ChangePWLimiti
 .text._Z14RefreshDisplayPh
                0x0000069c       0x62 main.o
                0x0000069c                _Z14RefreshDisplayPh
 .text._Z13ModifyDisplayPhS_
                0x000006fe      0x35e main.o
                0x000006fe                _Z13ModifyDisplayPhS_
 .text._Z9GetOnTimei
                0x00000a5c       0x8a main.o
                0x00000a5c                _Z9GetOnTimei
 .text._Z12HandleNoteOnhhh
                0x00000ae6       0xc8 main.o
                0x00000ae6                _Z12HandleNoteOnhhh
 .text.__vector_3
                0x00000bae       0x8c main.o
                0x00000bae                __vector_3
 .text.__vector_11
                0x00000c3a       0x46 main.o
                0x00000c3a                __vector_11
 .text._ZN4midi13MidiInterfaceI14HardwareSerialNS_15DefaultSettingsEE14launchCallbackEv
                0x00000c80      0x1b4 main.o
                0x00000c80                _ZN4midi13MidiInterfaceI14HardwareSerialNS_15DefaultSettingsEE14launchCallbackEv
 .text._ZN4midi13MidiInterfaceI14HardwareSerialNS_15DefaultSettingsEE16isChannelMessageENS_8MidiTypeE
                0x00000e34       0x20 main.o
                0x00000e34                _ZN4midi13MidiInterfaceI14HardwareSerialNS_15DefaultSettingsEE16isChannelMessageENS_8MidiTypeE
 .text._ZN4midi13MidiInterfaceI14HardwareSerialNS_15DefaultSettingsEE21getTypeFromStatusByteEh
                0x00000e54       0x20 main.o
                0x00000e54                _ZN4midi13MidiInterfaceI14HardwareSerialNS_15DefaultSettingsEE21getTypeFromStatusByteEh
 .text._ZN4midi13MidiInterfaceI14HardwareSerialNS_15DefaultSettingsEE4sendENS_8MidiTypeEhhh
                0x00000e74       0xa8 main.o
                0x00000e74                _ZN4midi13MidiInterfaceI14HardwareSerialNS_15DefaultSettingsEE4sendENS_8MidiTypeEhhh
 .text._ZN4midi13MidiInterfaceI14HardwareSerialNS_15DefaultSettingsEE10thruFilterEh
                0x00000f1c      0x1a4 main.o
                0x00000f1c                _ZN4midi13MidiInterfaceI14HardwareSerialNS_15DefaultSettingsEE10thruFilterEh
 .text.startup.main
                0x000010c0      0x49c main.o
                0x000010c0                main
 .text.startup._GLOBAL__sub_I_MIDI
                0x0000155c       0x98 main.o
 .text.avr-libc.fplib
                0x000015f4        0xe c:/program files (x86)/atmel/studio/7.0/toolchain/avr8/avr8-gnu-toolchain/bin/../lib/gcc/avr/5.4.0/../../../../avr/lib/avr5\libm.a(addsf3.o)
                0x000015f4                __subsf3
                0x000015f6                __addsf3
 .text.avr-libc.fplib
                0x00001602       0xcc c:/program files (x86)/atmel/studio/7.0/toolchain/avr8/avr8-gnu-toolchain/bin/../lib/gcc/avr/5.4.0/../../../../avr/lib/avr5\libm.a(addsf3x.o)
                0x00001624                __addsf3x
 .text.avr-libc.fplib
                0x000016ce        0xa c:/program files (x86)/atmel/studio/7.0/toolchain/avr8/avr8-gnu-toolchain/bin/../lib/gcc/avr/5.4.0/../../../../avr/lib/avr5\libm.a(cmpsf2.o)
                0x000016ce                __nesf2
                0x000016ce                __eqsf2
                0x000016ce                __cmpsf2
                0x000016ce                __ltsf2
                0x000016ce                __lesf2
 .text.avr-libc.fplib
                0x000016d8        0x8 c:/program files (x86)/atmel/studio/7.0/toolchain/avr8/avr8-gnu-toolchain/bin/../lib/gcc/avr/5.4.0/../../../../avr/lib/avr5\libm.a(divsf3.o)
                0x000016d8                __divsf3
 .text.avr-libc.fplib
                0x000016e0       0xdc c:/program files (x86)/atmel/studio/7.0/toolchain/avr8/avr8-gnu-toolchain/bin/../lib/gcc/avr/5.4.0/../../../../avr/lib/avr5\libm.a(divsf3x.o)
                0x00001700                __divsf3x
                0x00001706                __divsf3_pse
 .text.avr-libc.fplib
                0x000017bc        0xe c:/program files (x86)/atmel/studio/7.0/toolchain/avr8/avr8-gnu-toolchain/bin/../lib/gcc/avr/5.4.0/../../../../avr/lib/avr5\libm.a(fixsfsi.o)
                0x000017bc                __fixsfsi
 .text.avr-libc.fplib
                0x000017ca       0x5e c:/program files (x86)/atmel/studio/7.0/toolchain/avr8/avr8-gnu-toolchain/bin/../lib/gcc/avr/5.4.0/../../../../avr/lib/avr5\libm.a(fixunssfsi.o)
                0x000017ca                __fixunssfsi
 .text.avr-libc.fplib
                0x00001828       0x7a c:/program files (x86)/atmel/studio/7.0/toolchain/avr8/avr8-gnu-toolchain/bin/../lib/gcc/avr/5.4.0/../../../../avr/lib/avr5\libm.a(floatsisf.o)
                0x00001828                __floatunsisf
                0x0000182c                __floatsisf
 .text.avr-libc.fplib
                0x000018a2       0x48 c:/program files (x86)/atmel/studio/7.0/toolchain/avr8/avr8-gnu-toolchain/bin/../lib/gcc/avr/5.4.0/../../../../avr/lib/avr5\libm.a(fp_cmp.o)
                0x000018a2                __fp_cmp
 .text.avr-libc.fplib
                0x000018ea        0xc c:/program files (x86)/atmel/studio/7.0/toolchain/avr8/avr8-gnu-toolchain/bin/../lib/gcc/avr/5.4.0/../../../../avr/lib/avr5\libm.a(fp_inf.o)
                0x000018ea                __fp_inf
 .text.avr-libc.fplib
                0x000018f6        0x6 c:/program files (x86)/atmel/studio/7.0/toolchain/avr8/avr8-gnu-toolchain/bin/../lib/gcc/avr/5.4.0/../../../../avr/lib/avr5\libm.a(fp_nan.o)
                0x000018f6                __fp_nan
 .text.avr-libc.fplib
                0x000018fc        0xe c:/program files (x86)/atmel/studio/7.0/toolchain/avr8/avr8-gnu-toolchain/bin/../lib/gcc/avr/5.4.0/../../../../avr/lib/avr5\libm.a(fp_pscA.o)
                0x000018fc                __fp_pscA
 .text.avr-libc.fplib
                0x0000190a        0xe c:/program files (x86)/atmel/studio/7.0/toolchain/avr8/avr8-gnu-toolchain/bin/../lib/gcc/avr/5.4.0/../../../../avr/lib/avr5\libm.a(fp_pscB.o)
                0x0000190a                __fp_pscB
 .text.avr-libc.fplib
                0x00001918       0x22 c:/program files (x86)/atmel/studio/7.0/toolchain/avr8/avr8-gnu-toolchain/bin/../lib/gcc/avr/5.4.0/../../../../avr/lib/avr5\libm.a(fp_round.o)
                0x00001918                __fp_round
 .text.avr-libc.fplib
                0x0000193a       0x44 c:/program files (x86)/atmel/studio/7.0/toolchain/avr8/avr8-gnu-toolchain/bin/../lib/gcc/avr/5.4.0/../../../../avr/lib/avr5\libm.a(fp_split3.o)
                0x0000193a                __fp_split3
                0x0000194a                __fp_splitA
 .text.avr-libc.fplib
                0x0000197e        0xe c:/program files (x86)/atmel/studio/7.0/toolchain/avr8/avr8-gnu-toolchain/bin/../lib/gcc/avr/5.4.0/../../../../avr/lib/avr5\libm.a(fp_zero.o)
                0x0000197e                __fp_zero
                0x00001980                __fp_szero
 .text.avr-libc.fplib
                0x0000198c        0xa c:/program files (x86)/atmel/studio/7.0/toolchain/avr8/avr8-gnu-toolchain/bin/../lib/gcc/avr/5.4.0/../../../../avr/lib/avr5\libm.a(gesf2.o)
                0x0000198c                __gesf2
                0x0000198c                __gtsf2
 .text.avr-libc.fplib
                0x00001996        0x8 c:/program files (x86)/atmel/studio/7.0/toolchain/avr8/avr8-gnu-toolchain/bin/../lib/gcc/avr/5.4.0/../../../../avr/lib/avr5\libm.a(mulsf3.o)
                0x00001996                __mulsf3
 .text.avr-libc.fplib
                0x0000199e       0xd2 c:/program files (x86)/atmel/studio/7.0/toolchain/avr8/avr8-gnu-toolchain/bin/../lib/gcc/avr/5.4.0/../../../../avr/lib/avr5\libm.a(mulsf3x.o)
                0x000019bc                __mulsf3x
                0x000019c2                __mulsf3_pse
 .text.avr-libc.fplib
                0x00001a70       0xa0 c:/program files (x86)/atmel/studio/7.0/toolchain/avr8/avr8-gnu-toolchain/bin/../lib/gcc/avr/5.4.0/../../../../avr/lib/avr5\libm.a(pow.o)
                0x00001a70                pow
 .text.avr-libc.fplib
                0x00001b10       0x74 c:/program files (x86)/atmel/studio/7.0/toolchain/avr8/avr8-gnu-toolchain/bin/../lib/gcc/avr/5.4.0/../../../../avr/lib/avr5\libm.a(exp.o)
                0x00001b20                exp
 .text.avr-libc.fplib
                0x00001b84       0x4e c:/program files (x86)/atmel/studio/7.0/toolchain/avr8/avr8-gnu-toolchain/bin/../lib/gcc/avr/5.4.0/../../../../avr/lib/avr5\libm.a(fp_powser.o)
                0x00001b84                __fp_powser
 .text.avr-libc.fplib
                0x00001bd2       0x10 c:/program files (x86)/atmel/studio/7.0/toolchain/avr8/avr8-gnu-toolchain/bin/../lib/gcc/avr/5.4.0/../../../../avr/lib/avr5\libm.a(inverse.o)
                0x00001bd2                inverse
 .text.avr-libc.fplib
                0x00001be2       0x74 c:/program files (x86)/atmel/studio/7.0/toolchain/avr8/avr8-gnu-toolchain/bin/../lib/gcc/avr/5.4.0/../../../../avr/lib/avr5\libm.a(ldexp.o)
                0x00001bea                ldexp
 .text.avr-libc.fplib
                0x00001c56       0xa0 c:/program files (x86)/atmel/studio/7.0/toolchain/avr8/avr8-gnu-toolchain/bin/../lib/gcc/avr/5.4.0/../../../../avr/lib/avr5\libm.a(log.o)
                0x00001c66                log
 .text.avr-libc.fplib
                0x00001cf6       0x68 c:/program files (x86)/atmel/studio/7.0/toolchain/avr8/avr8-gnu-toolchain/bin/../lib/gcc/avr/5.4.0/../../../../avr/lib/avr5\libm.a(modf.o)
                0x00001cf6                modf
                0x00001cf6                modff
 .text.avr-libc.fplib
                0x00001d5e       0x1c c:/program files (x86)/atmel/studio/7.0/toolchain/avr8/avr8-gnu-toolchain/bin/../lib/gcc/avr/5.4.0/../../../../avr/lib/avr5\libm.a(fp_mpack.o)
                0x00001d5e                __fp_mpack
                0x00001d62                __fp_mpack_finite
 .text._ZN14HardwareSerial9availableEv
                0x00001d7a       0x18 C:\Users\Lucas\Documents\TCs\AtmegaMidiTest\ArduinoSketch1\ArduinoSketch1\ArduinoCore\Debug\libArduinoCore.a(HardwareSerial.o)
                0x00001d7a                _ZN14HardwareSerial9availableEv
 .text._ZN14HardwareSerial4peekEv
                0x00001d92       0x1c C:\Users\Lucas\Documents\TCs\AtmegaMidiTest\ArduinoSketch1\ArduinoSketch1\ArduinoCore\Debug\libArduinoCore.a(HardwareSerial.o)
                0x00001d92                _ZN14HardwareSerial4peekEv
 .text._ZN14HardwareSerial4readEv
                0x00001dae       0x28 C:\Users\Lucas\Documents\TCs\AtmegaMidiTest\ArduinoSketch1\ArduinoSketch1\ArduinoCore\Debug\libArduinoCore.a(HardwareSerial.o)
                0x00001dae                _ZN14HardwareSerial4readEv
 .text._ZN14HardwareSerial17availableForWriteEv
                0x00001dd6       0x1e C:\Users\Lucas\Documents\TCs\AtmegaMidiTest\ArduinoSketch1\ArduinoSketch1\ArduinoCore\Debug\libArduinoCore.a(HardwareSerial.o)
                0x00001dd6                _ZN14HardwareSerial17availableForWriteEv
 .text._ZN14HardwareSerial17_tx_udr_empty_irqEv
                0x00001df4       0x44 C:\Users\Lucas\Documents\TCs\AtmegaMidiTest\ArduinoSketch1\ArduinoSketch1\ArduinoCore\Debug\libArduinoCore.a(HardwareSerial.o)
                0x00001df4                _ZN14HardwareSerial17_tx_udr_empty_irqEv
 .text._ZN14HardwareSerial5writeEh
                0x00001e38       0x9a C:\Users\Lucas\Documents\TCs\AtmegaMidiTest\ArduinoSketch1\ArduinoSketch1\ArduinoCore\Debug\libArduinoCore.a(HardwareSerial.o)
                0x00001e38                _ZN14HardwareSerial5writeEh
 .text._ZN14HardwareSerial5flushEv
                0x00001ed2       0x44 C:\Users\Lucas\Documents\TCs\AtmegaMidiTest\ArduinoSketch1\ArduinoSketch1\ArduinoCore\Debug\libArduinoCore.a(HardwareSerial.o)
                0x00001ed2                _ZN14HardwareSerial5flushEv
 .text._ZN14HardwareSerial5beginEmh
                0x00001f16       0xca C:\Users\Lucas\Documents\TCs\AtmegaMidiTest\ArduinoSketch1\ArduinoSketch1\ArduinoCore\Debug\libArduinoCore.a(HardwareSerial.o)
                0x00001f16                _ZN14HardwareSerial5beginEmh
 .text.__vector_18
                0x00001fe0       0x64 C:\Users\Lucas\Documents\TCs\AtmegaMidiTest\ArduinoSketch1\ArduinoSketch1\ArduinoCore\Debug\libArduinoCore.a(HardwareSerial0.o)
                0x00001fe0                __vector_18
 .text.__vector_19
                0x00002044       0x4c C:\Users\Lucas\Documents\TCs\AtmegaMidiTest\ArduinoSketch1\ArduinoSketch1\ArduinoCore\Debug\libArduinoCore.a(HardwareSerial0.o)
                0x00002044                __vector_19
 .text.startup._GLOBAL__sub_I___vector_18
                0x00002090       0x5a C:\Users\Lucas\Documents\TCs\AtmegaMidiTest\ArduinoSketch1\ArduinoSketch1\ArduinoCore\Debug\libArduinoCore.a(HardwareSerial0.o)
 .text._ZN5Print5writeEPKhj
                0x000020ea       0x54 C:\Users\Lucas\Documents\TCs\AtmegaMidiTest\ArduinoSketch1\ArduinoSketch1\ArduinoCore\Debug\libArduinoCore.a(Print.o)
                0x000020ea                _ZN5Print5writeEPKhj
 .text.libgcc.div
                0x0000213e       0x28 c:/program files (x86)/atmel/studio/7.0/toolchain/avr8/avr8-gnu-toolchain/bin/../lib/gcc/avr/5.4.0/avr5\libgcc.a(_udivmodhi4.o)
                0x0000213e                __udivmodhi4
 .text.libgcc.div
                0x00002166       0x44 c:/program files (x86)/atmel/studio/7.0/toolchain/avr8/avr8-gnu-toolchain/bin/../lib/gcc/avr/5.4.0/avr5\libgcc.a(_udivmodsi4.o)
                0x00002166                __udivmodsi4
 .text.libgcc.div
                0x000021aa       0x2e c:/program files (x86)/atmel/studio/7.0/toolchain/avr8/avr8-gnu-toolchain/bin/../lib/gcc/avr/5.4.0/avr5\libgcc.a(_divmodsi4.o)
                0x000021aa                __divmodsi4
 .text.libgcc.div
                0x000021d8       0x10 c:/program files (x86)/atmel/studio/7.0/toolchain/avr8/avr8-gnu-toolchain/bin/../lib/gcc/avr/5.4.0/avr5\libgcc.a(_negsi2.o)
                0x000021d8                __negsi2
 .text.libgcc   0x000021e8        0xc c:/program files (x86)/atmel/studio/7.0/toolchain/avr8/avr8-gnu-toolchain/bin/../lib/gcc/avr/5.4.0/avr5\libgcc.a(_tablejump2.o)
                0x000021e8                __tablejump2__
                0x000021f4                . = ALIGN (0x2)
 *(.fini9)
 .fini9         0x000021f4        0x0 c:/program files (x86)/atmel/studio/7.0/toolchain/avr8/avr8-gnu-toolchain/bin/../lib/gcc/avr/5.4.0/avr5\libgcc.a(_exit.o)
                0x000021f4                _exit
                0x000021f4                exit
 *(.fini9)
 *(.fini8)
 *(.fini8)
 *(.fini7)
 *(.fini7)
 *(.fini6)
 *(.fini6)
 *(.fini5)
 *(.fini5)
 *(.fini4)
 *(.fini4)
 *(.fini3)
 *(.fini3)
 *(.fini2)
 *(.fini2)
 *(.fini1)
 *(.fini1)
 *(.fini0)
 .fini0         0x000021f4        0x4 c:/program files (x86)/atmel/studio/7.0/toolchain/avr8/avr8-gnu-toolchain/bin/../lib/gcc/avr/5.4.0/avr5\libgcc.a(_exit.o)
 *(.fini0)
                0x000021f8                _etext = .

.data           0x00800100       0xfe load address 0x000021f8
                0x00800100                PROVIDE (__data_start, .)
 *(.data)
 *(.data*)
 .data.SettingsSelectionBar
                0x00800100        0x4 main.o
                0x00800100                SettingsSelectionBar
 .data.SettingsChar
                0x00800104       0x20 main.o
                0x00800104                SettingsChar
 .data.NoneSelectionBar
                0x00800124        0x4 main.o
                0x00800124                NoneSelectionBar
 .data.NoneChar
                0x00800128       0x20 main.o
                0x00800128                NoneChar
 .data.FixedSelectionBar
                0x00800148        0x2 main.o
                0x00800148                FixedSelectionBar
 .data.FixedChar
                0x0080014a       0x20 main.o
                0x0080014a                FixedChar
 .data.MIDISelectionBar
                0x0080016a        0x4 main.o
                0x0080016a                MIDISelectionBar
 .data.MIDIChar
                0x0080016e       0x20 main.o
                0x0080016e                MIDIChar
 .data.MenuSelectionPosition
                0x0080018e        0x2 main.o
                0x0080018e                MenuSelectionPosition
 .data.MenuSelectionBar
                0x00800190        0x4 main.o
                0x00800190                MenuSelectionBar
 .data.MenuChar
                0x00800194       0x20 main.o
                0x00800194                MenuChar
 .data.PB4Flag  0x008001b4        0x2 main.o
                0x008001b4                PB4Flag
 .data.FixedFrqLimit
                0x008001b6        0x2 main.o
                0x008001b6                FixedFrqLimit
 .data.FixedFreq
                0x008001b8        0x2 main.o
                0x008001b8                FixedFreq
 .data.Pw_mult_to_display
                0x008001ba        0x2 main.o
                0x008001ba                Pw_mult_to_display
 .data.PW_mult_limit
                0x008001bc        0x4 main.o
                0x008001bc                PW_mult_limit
 .data.PW_mult  0x008001c0        0x4 main.o
                0x008001c0                PW_mult
 *(.gnu.linkonce.d*)
 *(.rodata)
 *(.rodata*)
 .rodata.str1.1
                0x008001c4       0x28 main.o
 .rodata._ZTV14HardwareSerial
                0x008001ec       0x12 C:\Users\Lucas\Documents\TCs\AtmegaMidiTest\ArduinoSketch1\ArduinoSketch1\ArduinoCore\Debug\libArduinoCore.a(HardwareSerial.o)
                0x008001ec                _ZTV14HardwareSerial
 *(.gnu.linkonce.r*)
                0x008001fe                . = ALIGN (0x2)
                0x008001fe                _edata = .
                0x008001fe                PROVIDE (__data_end, .)

.bss            0x008001fe      0x16f
                0x008001fe                PROVIDE (__bss_start, .)
 *(.bss)
 *(.bss*)
 .bss.StateSelection
                0x008001fe        0x2 main.o
                0x008001fe                StateSelection
 .bss.PB5Flag   0x00800200        0x2 main.o
                0x00800200                PB5Flag
 .bss.PB3Flag   0x00800202        0x2 main.o
                0x00800202                PB3Flag
 .bss.debouncePB5
                0x00800204        0x2 main.o
                0x00800204                debouncePB5
 .bss.debouncePB4
                0x00800206        0x2 main.o
                0x00800206                debouncePB4
 .bss.debouncePB3
                0x00800208        0x2 main.o
                0x00800208                debouncePB3
 .bss.current_pitch
                0x0080020a        0x2 main.o
                0x0080020a                current_pitch
 .bss.ON_TIME   0x0080020c        0x2 main.o
                0x0080020c                ON_TIME
 .bss.FixedFreqStr
                0x0080020e        0x4 main.o
                0x0080020e                FixedFreqStr
 .bss.PW_multStr
                0x00800212        0x4 main.o
                0x00800212                PW_multStr
 .bss.MIDI      0x00800216       0xba main.o
                0x00800216                MIDI
 .bss.Serial    0x008002d0       0x9d C:\Users\Lucas\Documents\TCs\AtmegaMidiTest\ArduinoSketch1\ArduinoSketch1\ArduinoCore\Debug\libArduinoCore.a(HardwareSerial0.o)
                0x008002d0                Serial
 *(COMMON)
                0x0080036d                PROVIDE (__bss_end, .)
                0x000021f8                __data_load_start = LOADADDR (.data)
                0x000022f6                __data_load_end = (__data_load_start + SIZEOF (.data))

.noinit         0x0080036d        0x0
                [!provide]                PROVIDE (__noinit_start, .)
 *(.noinit*)
                [!provide]                PROVIDE (__noinit_end, .)
                0x0080036d                _end = .
                [!provide]                PROVIDE (__heap_start, .)

.eeprom         0x00810000        0x0
 *(.eeprom*)
                0x00810000                __eeprom_end = .

.fuse
 *(.fuse)
 *(.lfuse)
 *(.hfuse)
 *(.efuse)

.lock
 *(.lock*)

.signature
 *(.signature*)

.user_signatures
 *(.user_signatures*)

.stab
 *(.stab)

.stabstr
 *(.stabstr)

.stab.excl
 *(.stab.excl)

.stab.exclstr
 *(.stab.exclstr)

.stab.index
 *(.stab.index)

.stab.indexstr
 *(.stab.indexstr)

.comment        0x00000000       0x30
 *(.comment)
 .comment       0x00000000       0x30 main.o
                                 0x31 (size before relaxing)
 .comment       0x00000030       0x31 C:\Users\Lucas\Documents\TCs\AtmegaMidiTest\ArduinoSketch1\ArduinoSketch1\ArduinoCore\Debug\libArduinoCore.a(HardwareSerial.o)
 .comment       0x00000030       0x31 C:\Users\Lucas\Documents\TCs\AtmegaMidiTest\ArduinoSketch1\ArduinoSketch1\ArduinoCore\Debug\libArduinoCore.a(HardwareSerial0.o)
 .comment       0x00000030       0x31 C:\Users\Lucas\Documents\TCs\AtmegaMidiTest\ArduinoSketch1\ArduinoSketch1\ArduinoCore\Debug\libArduinoCore.a(Print.o)

.note.gnu.avr.deviceinfo
                0x00000000       0x40
 .note.gnu.avr.deviceinfo
                0x00000000       0x40 C:/Program Files (x86)/Atmel/Studio/7.0/Packs/atmel/ATmega_DFP/1.2.209/gcc/dev/atmega328p/avr5/crtatmega328p.o

.note.gnu.build-id
 *(.note.gnu.build-id)

.debug
 *(.debug)

.line
 *(.line)

.debug_srcinfo
 *(.debug_srcinfo)

.debug_sfnames
 *(.debug_sfnames)

.debug_aranges  0x00000000      0x298
 *(.debug_aranges)
 .debug_aranges
                0x00000000       0xe8 main.o
 .debug_aranges
                0x000000e8       0x68 C:\Users\Lucas\Documents\TCs\AtmegaMidiTest\ArduinoSketch1\ArduinoSketch1\ArduinoCore\Debug\libArduinoCore.a(HardwareSerial.o)
 .debug_aranges
                0x00000150       0x48 C:\Users\Lucas\Documents\TCs\AtmegaMidiTest\ArduinoSketch1\ArduinoSketch1\ArduinoCore\Debug\libArduinoCore.a(HardwareSerial0.o)
 .debug_aranges
                0x00000198      0x100 C:\Users\Lucas\Documents\TCs\AtmegaMidiTest\ArduinoSketch1\ArduinoSketch1\ArduinoCore\Debug\libArduinoCore.a(Print.o)

.debug_pubnames
 *(.debug_pubnames)

.debug_info     0x00000000     0x98e8
 *(.debug_info .gnu.linkonce.wi.*)
 .debug_info    0x00000000      0x5f4 C:/Program Files (x86)/Atmel/Studio/7.0/Packs/atmel/ATmega_DFP/1.2.209/gcc/dev/atmega328p/avr5/crtatmega328p.o
 .debug_info    0x000005f4     0x2f7b main.o
 .debug_info    0x0000356f     0x1f64 C:\Users\Lucas\Documents\TCs\AtmegaMidiTest\ArduinoSketch1\ArduinoSketch1\ArduinoCore\Debug\libArduinoCore.a(HardwareSerial.o)
 .debug_info    0x000054d3     0x1b16 C:\Users\Lucas\Documents\TCs\AtmegaMidiTest\ArduinoSketch1\ArduinoSketch1\ArduinoCore\Debug\libArduinoCore.a(HardwareSerial0.o)
 .debug_info    0x00006fe9     0x28ff C:\Users\Lucas\Documents\TCs\AtmegaMidiTest\ArduinoSketch1\ArduinoSketch1\ArduinoCore\Debug\libArduinoCore.a(Print.o)

.debug_abbrev   0x00000000     0x1912
 *(.debug_abbrev)
 .debug_abbrev  0x00000000      0x5a2 C:/Program Files (x86)/Atmel/Studio/7.0/Packs/atmel/ATmega_DFP/1.2.209/gcc/dev/atmega328p/avr5/crtatmega328p.o
 .debug_abbrev  0x000005a2      0x671 main.o
 .debug_abbrev  0x00000c13      0x4b7 C:\Users\Lucas\Documents\TCs\AtmegaMidiTest\ArduinoSketch1\ArduinoSketch1\ArduinoCore\Debug\libArduinoCore.a(HardwareSerial.o)
 .debug_abbrev  0x000010ca      0x3ce C:\Users\Lucas\Documents\TCs\AtmegaMidiTest\ArduinoSketch1\ArduinoSketch1\ArduinoCore\Debug\libArduinoCore.a(HardwareSerial0.o)
 .debug_abbrev  0x00001498      0x47a C:\Users\Lucas\Documents\TCs\AtmegaMidiTest\ArduinoSketch1\ArduinoSketch1\ArduinoCore\Debug\libArduinoCore.a(Print.o)

.debug_line     0x00000000     0x2026
 *(.debug_line .debug_line.* .debug_line_end)
 .debug_line    0x00000000      0x133 C:/Program Files (x86)/Atmel/Studio/7.0/Packs/atmel/ATmega_DFP/1.2.209/gcc/dev/atmega328p/avr5/crtatmega328p.o
 .debug_line    0x00000133     0x111e main.o
 .debug_line    0x00001251      0x4c4 C:\Users\Lucas\Documents\TCs\AtmegaMidiTest\ArduinoSketch1\ArduinoSketch1\ArduinoCore\Debug\libArduinoCore.a(HardwareSerial.o)
 .debug_line    0x00001715      0x28c C:\Users\Lucas\Documents\TCs\AtmegaMidiTest\ArduinoSketch1\ArduinoSketch1\ArduinoCore\Debug\libArduinoCore.a(HardwareSerial0.o)
 .debug_line    0x000019a1      0x685 C:\Users\Lucas\Documents\TCs\AtmegaMidiTest\ArduinoSketch1\ArduinoSketch1\ArduinoCore\Debug\libArduinoCore.a(Print.o)

.debug_frame    0x00000000      0x8a4
 *(.debug_frame)
 .debug_frame   0x00000000      0x308 main.o
 .debug_frame   0x00000308      0x110 C:\Users\Lucas\Documents\TCs\AtmegaMidiTest\ArduinoSketch1\ArduinoSketch1\ArduinoCore\Debug\libArduinoCore.a(HardwareSerial.o)
 .debug_frame   0x00000418       0xe0 C:\Users\Lucas\Documents\TCs\AtmegaMidiTest\ArduinoSketch1\ArduinoSketch1\ArduinoCore\Debug\libArduinoCore.a(HardwareSerial0.o)
 .debug_frame   0x000004f8      0x3ac C:\Users\Lucas\Documents\TCs\AtmegaMidiTest\ArduinoSketch1\ArduinoSketch1\ArduinoCore\Debug\libArduinoCore.a(Print.o)

.debug_str      0x00000000     0x42ba
 *(.debug_str)
 .debug_str     0x00000000      0x208 C:/Program Files (x86)/Atmel/Studio/7.0/Packs/atmel/ATmega_DFP/1.2.209/gcc/dev/atmega328p/avr5/crtatmega328p.o
 .debug_str     0x00000208     0x2964 main.o
                               0x2aeb (size before relaxing)
 .debug_str     0x00002b6c     0x12ee C:\Users\Lucas\Documents\TCs\AtmegaMidiTest\ArduinoSketch1\ArduinoSketch1\ArduinoCore\Debug\libArduinoCore.a(HardwareSerial.o)
                               0x161c (size before relaxing)
 .debug_str     0x00003e5a       0x86 C:\Users\Lucas\Documents\TCs\AtmegaMidiTest\ArduinoSketch1\ArduinoSketch1\ArduinoCore\Debug\libArduinoCore.a(HardwareSerial0.o)
                               0x140f (size before relaxing)
 .debug_str     0x00003ee0      0x3da C:\Users\Lucas\Documents\TCs\AtmegaMidiTest\ArduinoSketch1\ArduinoSketch1\ArduinoCore\Debug\libArduinoCore.a(Print.o)
                               0x1249 (size before relaxing)

.debug_loc      0x00000000     0x3f21
 *(.debug_loc)
 .debug_loc     0x00000000     0x1c0e main.o
 .debug_loc     0x00001c0e      0x4dc C:\Users\Lucas\Documents\TCs\AtmegaMidiTest\ArduinoSketch1\ArduinoSketch1\ArduinoCore\Debug\libArduinoCore.a(HardwareSerial.o)
 .debug_loc     0x000020ea      0x1b0 C:\Users\Lucas\Documents\TCs\AtmegaMidiTest\ArduinoSketch1\ArduinoSketch1\ArduinoCore\Debug\libArduinoCore.a(HardwareSerial0.o)
 .debug_loc     0x0000229a     0x1c87 C:\Users\Lucas\Documents\TCs\AtmegaMidiTest\ArduinoSketch1\ArduinoSketch1\ArduinoCore\Debug\libArduinoCore.a(Print.o)

.debug_macinfo
 *(.debug_macinfo)

.debug_weaknames
 *(.debug_weaknames)

.debug_funcnames
 *(.debug_funcnames)

.debug_typenames
 *(.debug_typenames)

.debug_varnames
 *(.debug_varnames)

.debug_pubtypes
 *(.debug_pubtypes)

.debug_ranges   0x00000000      0x3a8
 *(.debug_ranges)
 .debug_ranges  0x00000000      0x1f8 main.o
 .debug_ranges  0x000001f8       0x58 C:\Users\Lucas\Documents\TCs\AtmegaMidiTest\ArduinoSketch1\ArduinoSketch1\ArduinoCore\Debug\libArduinoCore.a(HardwareSerial.o)
 .debug_ranges  0x00000250       0x38 C:\Users\Lucas\Documents\TCs\AtmegaMidiTest\ArduinoSketch1\ArduinoSketch1\ArduinoCore\Debug\libArduinoCore.a(HardwareSerial0.o)
 .debug_ranges  0x00000288      0x120 C:\Users\Lucas\Documents\TCs\AtmegaMidiTest\ArduinoSketch1\ArduinoSketch1\ArduinoCore\Debug\libArduinoCore.a(Print.o)

.debug_macro
 *(.debug_macro)
OUTPUT(Blink.elf elf32-avr)
LOAD linker stubs
